gguf_ex_read_0: version:      3
gguf_ex_read_0: alignment:   32
gguf_ex_read_0: data offset: 6595776
gguf_ex_read_0: n_kv: 38
gguf_ex_read_0: kv[0]: key = general.architecture
gguf_ex_read_0: kv[1]: key = general.file_type
gguf_ex_read_0: kv[2]: key = general.parameter_count
gguf_ex_read_0: kv[3]: key = general.quantization_version
gguf_ex_read_0: kv[4]: key = qwen3next.attention.head_count
gguf_ex_read_0: kv[5]: key = qwen3next.attention.head_count_kv
gguf_ex_read_0: kv[6]: key = qwen3next.attention.key_length
gguf_ex_read_0: kv[7]: key = qwen3next.attention.layer_norm_rms_epsilon
gguf_ex_read_0: kv[8]: key = qwen3next.attention.value_length
gguf_ex_read_0: kv[9]: key = qwen3next.block_count
gguf_ex_read_0: kv[10]: key = qwen3next.context_length
gguf_ex_read_0: kv[11]: key = qwen3next.embedding_length
gguf_ex_read_0: kv[12]: key = qwen3next.expert_count
gguf_ex_read_0: kv[13]: key = qwen3next.expert_feed_forward_length
gguf_ex_read_0: kv[14]: key = qwen3next.expert_shared_feed_forward_length
gguf_ex_read_0: kv[15]: key = qwen3next.expert_used_count
gguf_ex_read_0: kv[16]: key = qwen3next.feed_forward_length
gguf_ex_read_0: kv[17]: key = qwen3next.full_attention_interval
gguf_ex_read_0: kv[18]: key = qwen3next.norm_top_k_prob
gguf_ex_read_0: kv[19]: key = qwen3next.rope.dimension_count
gguf_ex_read_0: kv[20]: key = qwen3next.rope.freq_base
gguf_ex_read_0: kv[21]: key = qwen3next.ssm.conv_kernel
gguf_ex_read_0: kv[22]: key = qwen3next.ssm.group_count
gguf_ex_read_0: kv[23]: key = qwen3next.ssm.inner_size
gguf_ex_read_0: kv[24]: key = qwen3next.ssm.state_size
gguf_ex_read_0: kv[25]: key = qwen3next.ssm.time_step_rank
gguf_ex_read_0: kv[26]: key = tokenizer.chat_template
gguf_ex_read_0: kv[27]: key = tokenizer.ggml.add_eos_token
gguf_ex_read_0: kv[28]: key = tokenizer.ggml.add_padding_token
gguf_ex_read_0: kv[29]: key = tokenizer.ggml.eos_token_id
gguf_ex_read_0: kv[30]: key = tokenizer.ggml.eos_token_ids
gguf_ex_read_0: kv[31]: key = tokenizer.ggml.merges
gguf_ex_read_0: kv[32]: key = tokenizer.ggml.model
gguf_ex_read_0: kv[33]: key = tokenizer.ggml.padding_token_id
gguf_ex_read_0: kv[34]: key = tokenizer.ggml.pre
gguf_ex_read_0: kv[35]: key = tokenizer.ggml.scores
gguf_ex_read_0: kv[36]: key = tokenizer.ggml.token_type
gguf_ex_read_0: kv[37]: key = tokenizer.ggml.tokens
gguf_ex_read_0: find key: some.parameter.string not found.
gguf_ex_read_0: n_tensors: 843
gguf_ex_read_0: tensor[0]: name = blk.0.attn_gate.weight, size = 4718592, offset = 0
gguf_ex_read_0: tensor[1]: name = blk.0.attn_norm.weight, size = 8192, offset = 4718592
gguf_ex_read_0: tensor[2]: name = blk.0.attn_qkv.weight, size = 9437184, offset = 4726784
gguf_ex_read_0: tensor[3]: name = blk.0.ffn_down_exps.weight, size = 440401920, offset = 14163968
gguf_ex_read_0: tensor[4]: name = blk.0.ffn_down_shexp.weight, size = 860160, offset = 454565888
gguf_ex_read_0: tensor[5]: name = blk.0.ffn_gate_exps.weight, size = 301989888, offset = 455426048
gguf_ex_read_0: tensor[6]: name = blk.0.ffn_gate_inp.weight, size = 4194304, offset = 757415936
gguf_ex_read_0: tensor[7]: name = blk.0.ffn_gate_inp_shexp.weight, size = 4096, offset = 761610240
gguf_ex_read_0: tensor[8]: name = blk.0.ffn_gate_shexp.weight, size = 589824, offset = 761614336
gguf_ex_read_0: tensor[9]: name = blk.0.ffn_up_exps.weight, size = 301989888, offset = 762204160
gguf_ex_read_0: tensor[10]: name = blk.0.ffn_up_shexp.weight, size = 589824, offset = 1064194048
gguf_ex_read_0: tensor[11]: name = blk.0.post_attention_norm.weight, size = 8192, offset = 1064783872
gguf_ex_read_0: tensor[12]: name = blk.0.ssm_a, size = 128, offset = 1064792064
gguf_ex_read_0: tensor[13]: name = blk.0.ssm_ba.weight, size = 73728, offset = 1064792192
gguf_ex_read_0: tensor[14]: name = blk.0.ssm_conv1d.weight, size = 131072, offset = 1064865920
gguf_ex_read_0: tensor[15]: name = blk.0.ssm_dt, size = 128, offset = 1064996992
gguf_ex_read_0: tensor[16]: name = blk.0.ssm_norm.weight, size = 512, offset = 1064997120
gguf_ex_read_0: tensor[17]: name = blk.0.ssm_out.weight, size = 4718592, offset = 1064997632
gguf_ex_read_0: tensor[18]: name = blk.1.attn_gate.weight, size = 4718592, offset = 1069716224
gguf_ex_read_0: tensor[19]: name = blk.1.attn_norm.weight, size = 8192, offset = 1074434816
gguf_ex_read_0: tensor[20]: name = blk.1.attn_qkv.weight, size = 9437184, offset = 1074443008
gguf_ex_read_0: tensor[21]: name = blk.1.ffn_down_exps.weight, size = 440401920, offset = 1083880192
gguf_ex_read_0: tensor[22]: name = blk.1.ffn_down_shexp.weight, size = 860160, offset = 1524282112
gguf_ex_read_0: tensor[23]: name = blk.1.ffn_gate_exps.weight, size = 301989888, offset = 1525142272
gguf_ex_read_0: tensor[24]: name = blk.1.ffn_gate_inp.weight, size = 4194304, offset = 1827132160
gguf_ex_read_0: tensor[25]: name = blk.1.ffn_gate_inp_shexp.weight, size = 4096, offset = 1831326464
gguf_ex_read_0: tensor[26]: name = blk.1.ffn_gate_shexp.weight, size = 589824, offset = 1831330560
gguf_ex_read_0: tensor[27]: name = blk.1.ffn_up_exps.weight, size = 301989888, offset = 1831920384
gguf_ex_read_0: tensor[28]: name = blk.1.ffn_up_shexp.weight, size = 589824, offset = 2133910272
gguf_ex_read_0: tensor[29]: name = blk.1.post_attention_norm.weight, size = 8192, offset = 2134500096
gguf_ex_read_0: tensor[30]: name = blk.1.ssm_a, size = 128, offset = 2134508288
gguf_ex_read_0: tensor[31]: name = blk.1.ssm_ba.weight, size = 73728, offset = 2134508416
gguf_ex_read_0: tensor[32]: name = blk.1.ssm_conv1d.weight, size = 131072, offset = 2134582144
gguf_ex_read_0: tensor[33]: name = blk.1.ssm_dt, size = 128, offset = 2134713216
gguf_ex_read_0: tensor[34]: name = blk.1.ssm_norm.weight, size = 512, offset = 2134713344
gguf_ex_read_0: tensor[35]: name = blk.1.ssm_out.weight, size = 4718592, offset = 2134713856
gguf_ex_read_0: tensor[36]: name = blk.2.attn_gate.weight, size = 4718592, offset = 2139432448
gguf_ex_read_0: tensor[37]: name = blk.2.attn_norm.weight, size = 8192, offset = 2144151040
gguf_ex_read_0: tensor[38]: name = blk.2.attn_qkv.weight, size = 9437184, offset = 2144159232
gguf_ex_read_0: tensor[39]: name = blk.2.ffn_down_exps.weight, size = 440401920, offset = 2153596416
gguf_ex_read_0: tensor[40]: name = blk.2.ffn_down_shexp.weight, size = 860160, offset = 2593998336
gguf_ex_read_0: tensor[41]: name = blk.2.ffn_gate_exps.weight, size = 301989888, offset = 2594858496
gguf_ex_read_0: tensor[42]: name = blk.2.ffn_gate_inp.weight, size = 4194304, offset = 2896848384
gguf_ex_read_0: tensor[43]: name = blk.2.ffn_gate_inp_shexp.weight, size = 4096, offset = 2901042688
gguf_ex_read_0: tensor[44]: name = blk.2.ffn_gate_shexp.weight, size = 589824, offset = 2901046784
gguf_ex_read_0: tensor[45]: name = blk.2.ffn_up_exps.weight, size = 301989888, offset = 2901636608
gguf_ex_read_0: tensor[46]: name = blk.2.ffn_up_shexp.weight, size = 589824, offset = 3203626496
gguf_ex_read_0: tensor[47]: name = blk.2.post_attention_norm.weight, size = 8192, offset = 3204216320
gguf_ex_read_0: tensor[48]: name = blk.2.ssm_a, size = 128, offset = 3204224512
gguf_ex_read_0: tensor[49]: name = blk.2.ssm_ba.weight, size = 73728, offset = 3204224640
gguf_ex_read_0: tensor[50]: name = blk.2.ssm_conv1d.weight, size = 131072, offset = 3204298368
gguf_ex_read_0: tensor[51]: name = blk.2.ssm_dt, size = 128, offset = 3204429440
gguf_ex_read_0: tensor[52]: name = blk.2.ssm_norm.weight, size = 512, offset = 3204429568
gguf_ex_read_0: tensor[53]: name = blk.2.ssm_out.weight, size = 4718592, offset = 3204430080
gguf_ex_read_0: tensor[54]: name = blk.3.attn_k.weight, size = 589824, offset = 3209148672
gguf_ex_read_0: tensor[55]: name = blk.3.attn_k_norm.weight, size = 1024, offset = 3209738496
gguf_ex_read_0: tensor[56]: name = blk.3.attn_norm.weight, size = 8192, offset = 3209739520
gguf_ex_read_0: tensor[57]: name = blk.3.attn_output.weight, size = 4718592, offset = 3209747712
gguf_ex_read_0: tensor[58]: name = blk.3.attn_q.weight, size = 9437184, offset = 3214466304
gguf_ex_read_0: tensor[59]: name = blk.3.attn_q_norm.weight, size = 1024, offset = 3223903488
gguf_ex_read_0: tensor[60]: name = blk.3.attn_v.weight, size = 860160, offset = 3223904512
gguf_ex_read_0: tensor[61]: name = blk.3.ffn_down_exps.weight, size = 440401920, offset = 3224764672
gguf_ex_read_0: tensor[62]: name = blk.3.ffn_down_shexp.weight, size = 860160, offset = 3665166592
gguf_ex_read_0: tensor[63]: name = blk.3.ffn_gate_exps.weight, size = 301989888, offset = 3666026752
gguf_ex_read_0: tensor[64]: name = blk.3.ffn_gate_inp.weight, size = 4194304, offset = 3968016640
gguf_ex_read_0: tensor[65]: name = blk.3.ffn_gate_inp_shexp.weight, size = 4096, offset = 3972210944
gguf_ex_read_0: tensor[66]: name = blk.3.ffn_gate_shexp.weight, size = 589824, offset = 3972215040
gguf_ex_read_0: tensor[67]: name = blk.3.ffn_up_exps.weight, size = 301989888, offset = 3972804864
gguf_ex_read_0: tensor[68]: name = blk.3.ffn_up_shexp.weight, size = 589824, offset = 4274794752
gguf_ex_read_0: tensor[69]: name = blk.3.post_attention_norm.weight, size = 8192, offset = 4275384576
gguf_ex_read_0: tensor[70]: name = blk.4.attn_gate.weight, size = 4718592, offset = 4275392768
gguf_ex_read_0: tensor[71]: name = blk.4.attn_norm.weight, size = 8192, offset = 4280111360
gguf_ex_read_0: tensor[72]: name = blk.4.attn_qkv.weight, size = 9437184, offset = 4280119552
gguf_ex_read_0: tensor[73]: name = blk.4.ffn_down_exps.weight, size = 440401920, offset = 4289556736
gguf_ex_read_0: tensor[74]: name = blk.4.ffn_down_shexp.weight, size = 860160, offset = 4729958656
gguf_ex_read_0: tensor[75]: name = blk.4.ffn_gate_exps.weight, size = 301989888, offset = 4730818816
gguf_ex_read_0: tensor[76]: name = blk.4.ffn_gate_inp.weight, size = 4194304, offset = 5032808704
gguf_ex_read_0: tensor[77]: name = blk.4.ffn_gate_inp_shexp.weight, size = 4096, offset = 5037003008
gguf_ex_read_0: tensor[78]: name = blk.4.ffn_gate_shexp.weight, size = 589824, offset = 5037007104
gguf_ex_read_0: tensor[79]: name = blk.4.ffn_up_exps.weight, size = 301989888, offset = 5037596928
gguf_ex_read_0: tensor[80]: name = blk.4.ffn_up_shexp.weight, size = 589824, offset = 5339586816
gguf_ex_read_0: tensor[81]: name = blk.4.post_attention_norm.weight, size = 8192, offset = 5340176640
gguf_ex_read_0: tensor[82]: name = blk.4.ssm_a, size = 128, offset = 5340184832
gguf_ex_read_0: tensor[83]: name = blk.4.ssm_ba.weight, size = 73728, offset = 5340184960
gguf_ex_read_0: tensor[84]: name = blk.4.ssm_conv1d.weight, size = 131072, offset = 5340258688
gguf_ex_read_0: tensor[85]: name = blk.4.ssm_dt, size = 128, offset = 5340389760
gguf_ex_read_0: tensor[86]: name = blk.4.ssm_norm.weight, size = 512, offset = 5340389888
gguf_ex_read_0: tensor[87]: name = blk.4.ssm_out.weight, size = 4718592, offset = 5340390400
gguf_ex_read_0: tensor[88]: name = blk.5.attn_gate.weight, size = 4718592, offset = 5345108992
gguf_ex_read_0: tensor[89]: name = blk.5.attn_norm.weight, size = 8192, offset = 5349827584
gguf_ex_read_0: tensor[90]: name = blk.5.attn_qkv.weight, size = 9437184, offset = 5349835776
gguf_ex_read_0: tensor[91]: name = blk.5.ffn_down_exps.weight, size = 440401920, offset = 5359272960
gguf_ex_read_0: tensor[92]: name = blk.5.ffn_down_shexp.weight, size = 860160, offset = 5799674880
gguf_ex_read_0: tensor[93]: name = blk.5.ffn_gate_exps.weight, size = 301989888, offset = 5800535040
gguf_ex_read_0: tensor[94]: name = blk.5.ffn_gate_inp.weight, size = 4194304, offset = 6102524928
gguf_ex_read_0: tensor[95]: name = blk.5.ffn_gate_inp_shexp.weight, size = 4096, offset = 6106719232
gguf_ex_read_0: tensor[96]: name = blk.5.ffn_gate_shexp.weight, size = 589824, offset = 6106723328
gguf_ex_read_0: tensor[97]: name = blk.5.ffn_up_exps.weight, size = 301989888, offset = 6107313152
gguf_ex_read_0: tensor[98]: name = blk.5.ffn_up_shexp.weight, size = 589824, offset = 6409303040
gguf_ex_read_0: tensor[99]: name = blk.5.post_attention_norm.weight, size = 8192, offset = 6409892864
gguf_ex_read_0: tensor[100]: name = blk.5.ssm_a, size = 128, offset = 6409901056
gguf_ex_read_0: tensor[101]: name = blk.5.ssm_ba.weight, size = 73728, offset = 6409901184
gguf_ex_read_0: tensor[102]: name = blk.5.ssm_conv1d.weight, size = 131072, offset = 6409974912
gguf_ex_read_0: tensor[103]: name = blk.5.ssm_dt, size = 128, offset = 6410105984
gguf_ex_read_0: tensor[104]: name = blk.5.ssm_norm.weight, size = 512, offset = 6410106112
gguf_ex_read_0: tensor[105]: name = blk.5.ssm_out.weight, size = 4718592, offset = 6410106624
gguf_ex_read_0: tensor[106]: name = blk.6.attn_gate.weight, size = 4718592, offset = 6414825216
gguf_ex_read_0: tensor[107]: name = blk.6.attn_norm.weight, size = 8192, offset = 6419543808
gguf_ex_read_0: tensor[108]: name = blk.6.attn_qkv.weight, size = 9437184, offset = 6419552000
gguf_ex_read_0: tensor[109]: name = blk.6.ffn_down_exps.weight, size = 440401920, offset = 6428989184
gguf_ex_read_0: tensor[110]: name = blk.6.ffn_down_shexp.weight, size = 860160, offset = 6869391104
gguf_ex_read_0: tensor[111]: name = blk.6.ffn_gate_exps.weight, size = 301989888, offset = 6870251264
gguf_ex_read_0: tensor[112]: name = blk.6.ffn_gate_inp.weight, size = 4194304, offset = 7172241152
gguf_ex_read_0: tensor[113]: name = blk.6.ffn_gate_inp_shexp.weight, size = 4096, offset = 7176435456
gguf_ex_read_0: tensor[114]: name = blk.6.ffn_gate_shexp.weight, size = 589824, offset = 7176439552
gguf_ex_read_0: tensor[115]: name = blk.6.ffn_up_exps.weight, size = 301989888, offset = 7177029376
gguf_ex_read_0: tensor[116]: name = blk.6.ffn_up_shexp.weight, size = 589824, offset = 7479019264
gguf_ex_read_0: tensor[117]: name = blk.6.post_attention_norm.weight, size = 8192, offset = 7479609088
gguf_ex_read_0: tensor[118]: name = blk.6.ssm_a, size = 128, offset = 7479617280
gguf_ex_read_0: tensor[119]: name = blk.6.ssm_ba.weight, size = 73728, offset = 7479617408
gguf_ex_read_0: tensor[120]: name = blk.6.ssm_conv1d.weight, size = 131072, offset = 7479691136
gguf_ex_read_0: tensor[121]: name = blk.6.ssm_dt, size = 128, offset = 7479822208
gguf_ex_read_0: tensor[122]: name = blk.6.ssm_norm.weight, size = 512, offset = 7479822336
gguf_ex_read_0: tensor[123]: name = blk.6.ssm_out.weight, size = 4718592, offset = 7479822848
gguf_ex_read_0: tensor[124]: name = blk.7.attn_k.weight, size = 589824, offset = 7484541440
gguf_ex_read_0: tensor[125]: name = blk.7.attn_k_norm.weight, size = 1024, offset = 7485131264
gguf_ex_read_0: tensor[126]: name = blk.7.attn_norm.weight, size = 8192, offset = 7485132288
gguf_ex_read_0: tensor[127]: name = blk.7.attn_output.weight, size = 4718592, offset = 7485140480
gguf_ex_read_0: tensor[128]: name = blk.7.attn_q.weight, size = 9437184, offset = 7489859072
gguf_ex_read_0: tensor[129]: name = blk.7.attn_q_norm.weight, size = 1024, offset = 7499296256
gguf_ex_read_0: tensor[130]: name = blk.7.attn_v.weight, size = 860160, offset = 7499297280
gguf_ex_read_0: tensor[131]: name = blk.7.ffn_down_exps.weight, size = 440401920, offset = 7500157440
gguf_ex_read_0: tensor[132]: name = blk.7.ffn_down_shexp.weight, size = 860160, offset = 7940559360
gguf_ex_read_0: tensor[133]: name = blk.7.ffn_gate_exps.weight, size = 301989888, offset = 7941419520
gguf_ex_read_0: tensor[134]: name = blk.7.ffn_gate_inp.weight, size = 4194304, offset = 8243409408
gguf_ex_read_0: tensor[135]: name = blk.7.ffn_gate_inp_shexp.weight, size = 4096, offset = 8247603712
gguf_ex_read_0: tensor[136]: name = blk.7.ffn_gate_shexp.weight, size = 589824, offset = 8247607808
gguf_ex_read_0: tensor[137]: name = blk.7.ffn_up_exps.weight, size = 301989888, offset = 8248197632
gguf_ex_read_0: tensor[138]: name = blk.7.ffn_up_shexp.weight, size = 589824, offset = 8550187520
gguf_ex_read_0: tensor[139]: name = blk.7.post_attention_norm.weight, size = 8192, offset = 8550777344
gguf_ex_read_0: tensor[140]: name = blk.8.attn_gate.weight, size = 4718592, offset = 8550785536
gguf_ex_read_0: tensor[141]: name = blk.8.attn_norm.weight, size = 8192, offset = 8555504128
gguf_ex_read_0: tensor[142]: name = blk.8.attn_qkv.weight, size = 9437184, offset = 8555512320
gguf_ex_read_0: tensor[143]: name = blk.8.ffn_down_exps.weight, size = 440401920, offset = 8564949504
gguf_ex_read_0: tensor[144]: name = blk.8.ffn_down_shexp.weight, size = 860160, offset = 9005351424
gguf_ex_read_0: tensor[145]: name = blk.8.ffn_gate_exps.weight, size = 301989888, offset = 9006211584
gguf_ex_read_0: tensor[146]: name = blk.8.ffn_gate_inp.weight, size = 4194304, offset = 9308201472
gguf_ex_read_0: tensor[147]: name = blk.8.ffn_gate_inp_shexp.weight, size = 4096, offset = 9312395776
gguf_ex_read_0: tensor[148]: name = blk.8.ffn_gate_shexp.weight, size = 589824, offset = 9312399872
gguf_ex_read_0: tensor[149]: name = blk.8.ffn_up_exps.weight, size = 301989888, offset = 9312989696
gguf_ex_read_0: tensor[150]: name = blk.8.ffn_up_shexp.weight, size = 589824, offset = 9614979584
gguf_ex_read_0: tensor[151]: name = blk.8.post_attention_norm.weight, size = 8192, offset = 9615569408
gguf_ex_read_0: tensor[152]: name = blk.8.ssm_a, size = 128, offset = 9615577600
gguf_ex_read_0: tensor[153]: name = blk.8.ssm_ba.weight, size = 73728, offset = 9615577728
gguf_ex_read_0: tensor[154]: name = blk.8.ssm_conv1d.weight, size = 131072, offset = 9615651456
gguf_ex_read_0: tensor[155]: name = blk.8.ssm_dt, size = 128, offset = 9615782528
gguf_ex_read_0: tensor[156]: name = blk.8.ssm_norm.weight, size = 512, offset = 9615782656
gguf_ex_read_0: tensor[157]: name = blk.8.ssm_out.weight, size = 4718592, offset = 9615783168
gguf_ex_read_0: tensor[158]: name = blk.9.attn_gate.weight, size = 4718592, offset = 9620501760
gguf_ex_read_0: tensor[159]: name = blk.9.attn_norm.weight, size = 8192, offset = 9625220352
gguf_ex_read_0: tensor[160]: name = blk.9.attn_qkv.weight, size = 9437184, offset = 9625228544
gguf_ex_read_0: tensor[161]: name = blk.9.ffn_down_exps.weight, size = 440401920, offset = 9634665728
gguf_ex_read_0: tensor[162]: name = blk.9.ffn_down_shexp.weight, size = 860160, offset = 10075067648
gguf_ex_read_0: tensor[163]: name = blk.9.ffn_gate_exps.weight, size = 301989888, offset = 10075927808
gguf_ex_read_0: tensor[164]: name = blk.9.ffn_gate_inp.weight, size = 4194304, offset = 10377917696
gguf_ex_read_0: tensor[165]: name = blk.9.ffn_gate_inp_shexp.weight, size = 4096, offset = 10382112000
gguf_ex_read_0: tensor[166]: name = blk.9.ffn_gate_shexp.weight, size = 589824, offset = 10382116096
gguf_ex_read_0: tensor[167]: name = blk.9.ffn_up_exps.weight, size = 301989888, offset = 10382705920
gguf_ex_read_0: tensor[168]: name = blk.9.ffn_up_shexp.weight, size = 589824, offset = 10684695808
gguf_ex_read_0: tensor[169]: name = blk.9.post_attention_norm.weight, size = 8192, offset = 10685285632
gguf_ex_read_0: tensor[170]: name = blk.9.ssm_a, size = 128, offset = 10685293824
gguf_ex_read_0: tensor[171]: name = blk.9.ssm_ba.weight, size = 73728, offset = 10685293952
gguf_ex_read_0: tensor[172]: name = blk.9.ssm_conv1d.weight, size = 131072, offset = 10685367680
gguf_ex_read_0: tensor[173]: name = blk.9.ssm_dt, size = 128, offset = 10685498752
gguf_ex_read_0: tensor[174]: name = blk.9.ssm_norm.weight, size = 512, offset = 10685498880
gguf_ex_read_0: tensor[175]: name = blk.9.ssm_out.weight, size = 4718592, offset = 10685499392
gguf_ex_read_0: tensor[176]: name = blk.10.attn_gate.weight, size = 4718592, offset = 10690217984
gguf_ex_read_0: tensor[177]: name = blk.10.attn_norm.weight, size = 8192, offset = 10694936576
gguf_ex_read_0: tensor[178]: name = blk.10.attn_qkv.weight, size = 9437184, offset = 10694944768
gguf_ex_read_0: tensor[179]: name = blk.10.ffn_down_exps.weight, size = 440401920, offset = 10704381952
gguf_ex_read_0: tensor[180]: name = blk.10.ffn_down_shexp.weight, size = 860160, offset = 11144783872
gguf_ex_read_0: tensor[181]: name = blk.10.ffn_gate_exps.weight, size = 301989888, offset = 11145644032
gguf_ex_read_0: tensor[182]: name = blk.10.ffn_gate_inp.weight, size = 4194304, offset = 11447633920
gguf_ex_read_0: tensor[183]: name = blk.10.ffn_gate_inp_shexp.weight, size = 4096, offset = 11451828224
gguf_ex_read_0: tensor[184]: name = blk.10.ffn_gate_shexp.weight, size = 589824, offset = 11451832320
gguf_ex_read_0: tensor[185]: name = blk.10.ffn_up_exps.weight, size = 301989888, offset = 11452422144
gguf_ex_read_0: tensor[186]: name = blk.10.ffn_up_shexp.weight, size = 589824, offset = 11754412032
gguf_ex_read_0: tensor[187]: name = blk.10.post_attention_norm.weight, size = 8192, offset = 11755001856
gguf_ex_read_0: tensor[188]: name = blk.10.ssm_a, size = 128, offset = 11755010048
gguf_ex_read_0: tensor[189]: name = blk.10.ssm_ba.weight, size = 73728, offset = 11755010176
gguf_ex_read_0: tensor[190]: name = blk.10.ssm_conv1d.weight, size = 131072, offset = 11755083904
gguf_ex_read_0: tensor[191]: name = blk.10.ssm_dt, size = 128, offset = 11755214976
gguf_ex_read_0: tensor[192]: name = blk.10.ssm_norm.weight, size = 512, offset = 11755215104
gguf_ex_read_0: tensor[193]: name = blk.10.ssm_out.weight, size = 4718592, offset = 11755215616
gguf_ex_read_0: tensor[194]: name = blk.11.attn_k.weight, size = 589824, offset = 11759934208
gguf_ex_read_0: tensor[195]: name = blk.11.attn_k_norm.weight, size = 1024, offset = 11760524032
gguf_ex_read_0: tensor[196]: name = blk.11.attn_norm.weight, size = 8192, offset = 11760525056
gguf_ex_read_0: tensor[197]: name = blk.11.attn_output.weight, size = 4718592, offset = 11760533248
gguf_ex_read_0: tensor[198]: name = blk.11.attn_q.weight, size = 9437184, offset = 11765251840
gguf_ex_read_0: tensor[199]: name = blk.11.attn_q_norm.weight, size = 1024, offset = 11774689024
gguf_ex_read_0: tensor[200]: name = blk.11.attn_v.weight, size = 860160, offset = 11774690048
gguf_ex_read_0: tensor[201]: name = blk.11.ffn_down_exps.weight, size = 440401920, offset = 11775550208
gguf_ex_read_0: tensor[202]: name = blk.11.ffn_down_shexp.weight, size = 860160, offset = 12215952128
gguf_ex_read_0: tensor[203]: name = blk.11.ffn_gate_exps.weight, size = 301989888, offset = 12216812288
gguf_ex_read_0: tensor[204]: name = blk.11.ffn_gate_inp.weight, size = 4194304, offset = 12518802176
gguf_ex_read_0: tensor[205]: name = blk.11.ffn_gate_inp_shexp.weight, size = 4096, offset = 12522996480
gguf_ex_read_0: tensor[206]: name = blk.11.ffn_gate_shexp.weight, size = 589824, offset = 12523000576
gguf_ex_read_0: tensor[207]: name = blk.11.ffn_up_exps.weight, size = 301989888, offset = 12523590400
gguf_ex_read_0: tensor[208]: name = blk.11.ffn_up_shexp.weight, size = 589824, offset = 12825580288
gguf_ex_read_0: tensor[209]: name = blk.11.post_attention_norm.weight, size = 8192, offset = 12826170112
gguf_ex_read_0: tensor[210]: name = blk.12.attn_gate.weight, size = 4718592, offset = 12826178304
gguf_ex_read_0: tensor[211]: name = blk.12.attn_norm.weight, size = 8192, offset = 12830896896
gguf_ex_read_0: tensor[212]: name = blk.12.attn_qkv.weight, size = 9437184, offset = 12830905088
gguf_ex_read_0: tensor[213]: name = blk.12.ffn_down_exps.weight, size = 440401920, offset = 12840342272
gguf_ex_read_0: tensor[214]: name = blk.12.ffn_down_shexp.weight, size = 860160, offset = 13280744192
gguf_ex_read_0: tensor[215]: name = blk.12.ffn_gate_exps.weight, size = 301989888, offset = 13281604352
gguf_ex_read_0: tensor[216]: name = blk.12.ffn_gate_inp.weight, size = 4194304, offset = 13583594240
gguf_ex_read_0: tensor[217]: name = blk.12.ffn_gate_inp_shexp.weight, size = 4096, offset = 13587788544
gguf_ex_read_0: tensor[218]: name = blk.12.ffn_gate_shexp.weight, size = 589824, offset = 13587792640
gguf_ex_read_0: tensor[219]: name = blk.12.ffn_up_exps.weight, size = 301989888, offset = 13588382464
gguf_ex_read_0: tensor[220]: name = blk.12.ffn_up_shexp.weight, size = 589824, offset = 13890372352
gguf_ex_read_0: tensor[221]: name = blk.12.post_attention_norm.weight, size = 8192, offset = 13890962176
gguf_ex_read_0: tensor[222]: name = blk.12.ssm_a, size = 128, offset = 13890970368
gguf_ex_read_0: tensor[223]: name = blk.12.ssm_ba.weight, size = 73728, offset = 13890970496
gguf_ex_read_0: tensor[224]: name = blk.12.ssm_conv1d.weight, size = 131072, offset = 13891044224
gguf_ex_read_0: tensor[225]: name = blk.12.ssm_dt, size = 128, offset = 13891175296
gguf_ex_read_0: tensor[226]: name = blk.12.ssm_norm.weight, size = 512, offset = 13891175424
gguf_ex_read_0: tensor[227]: name = blk.12.ssm_out.weight, size = 4718592, offset = 13891175936
gguf_ex_read_0: tensor[228]: name = blk.13.attn_gate.weight, size = 4718592, offset = 13895894528
gguf_ex_read_0: tensor[229]: name = blk.13.attn_norm.weight, size = 8192, offset = 13900613120
gguf_ex_read_0: tensor[230]: name = blk.13.attn_qkv.weig