[sudo] delangi 암호: [?2026h[?25l[1Ggathering model components ⠙ [K[?25h[?2026l[?2026h[?25l[1Ggathering model components ⠹ [K[?25h[?2026l[?2026h[?25l[1Ggathering model components ⠸ [K[?25h[?2026l[?2026h[?25l[1Ggathering model components ⠼ [K[?25h[?2026l[?2026h[?25l[1Ggathering model components ⠴ [K[?25h[?2026l[?2026h[?25l[1Ggathering model components ⠦ [K[?25h[?2026l[?2026h[?25l[1Ggathering model components ⠧ [K[?25h[?2026l[?2026h[?25l[1Ggathering model components ⠧ [K[?25h[?2026l[?2026h[?25l[1Ggathering model components ⠏ [K[?25h[?2026l[?2026h[?25l[1Ggathering model components ⠋ [K[?25h[?2026l[?2026h[?25l[1Ggathering model components ⠙ [K[?25h[?2026l[?2026h[?25l[1Ggathering model components ⠹ [K[?25h[?2026l[?2026h[?25l[1Ggathering model components ⠸ [K[?25h[?2026l[?2026h[?25l[1Ggathering model components ⠼ [K[?25h[?2026l[?2026h[?25l[1Ggathering model components ⠴ [K[?25h[?2026l[?2026h[?25l[1Ggathering model components ⠦ [K[?25h[?2026l[?2026h[?25l[1Ggathering model components ⠧ [K[?25h[?2026l[?2026h[?25l[1Ggathering model components ⠇ [K[?25h[?2026l[?2026h[?25l[1Ggathering model components ⠇ [K[?25h[?2026l[?2026h[?25l[1Ggathering model components ⠋ [K[?25h[?2026l[?2026h[?25l[1Ggathering model components ⠋ [K[?25h[?2026l[?2026h[?25l[1Ggathering model components ⠹ [K[?25h[?2026l[?2026h[?25l[1Ggathering model components ⠸ [K[?25h[?2026l[?2026h[?25l[1Ggathering model components ⠼ [K[?25h[?2026l[?2026h[?25l[1Ggathering model components ⠴ [K[?25h[?2026l[?2026h[?25l[1Ggathering model components ⠴ [K[?25h[?2026l[?2026h[?25l[1Ggathering model components ⠧ [K[?25h[?2026l[?2026h[?25l[1Ggathering model components ⠧ [K[?25h[?2026l[?2026h[?25l[1Ggathering model components ⠏ [K[?25h[?2026l[?2026h[?25l[1Ggathering model components ⠏ [K[?25h[?2026l[?2026h[?25l[1Ggathering model components ⠋ [K[?25h[?2026l[?2026h[?25l[1Ggathering model components ⠹ [K[?25h[?2026l[?2026h[?25l[1Ggathering model components ⠹ [K[?25h[?2026l[?2026h[?25l[1Ggathering model components ⠼ [K[?25h[?2026l[?2026h[?25l[1Ggathering model components ⠼ [K[?25h[?2026l[?2026h[?25l[1Ggathering model components ⠴ [K[?25h[?2026l[?2026h[?25l[1Ggathering model components ⠧ [K[?25h[?2026l[?2026h[?25l[1Ggathering model components ⠧ [K[?25h[?2026l[?2026h[?25l[1Ggathering model components ⠇ [K[?25h[?2026l[?2026h[?25l[1Ggathering model components ⠏ [K[?25h[?2026l[?2026h[?25l[1Ggathering model components ⠙ [K[?25h[?2026l[?2026h[?25l[1Ggathering model components ⠙ [K[?25h[?2026l[?2026h[?25l[1Ggathering model components ⠸ [K[?25h[?2026l[?2026h[?25l[1Ggathering model components ⠸ [K[?25h[?2026l[?2026h[?25l[1Ggathering model components ⠴ [K[?25h[?2026l[?2026h[?25l[1Ggathering model components ⠴ [K[?25h[?2026l[?2026h[?25l[1Ggathering model components ⠧ [K[?25h[?2026l[?2026h[?25l[1Ggathering model components ⠧ [K[?25h[?2026l[?2026h[?25l[1Ggathering model components ⠏ [K[?25h[?2026l[?2026h[?25l[1Ggathering model components ⠏ [K[?25h[?2026l[?2026h[?25l[1Ggathering model components ⠋ [K[?25h[?2026l[?2026h[?25l[1Ggathering model components ⠹ [K[?25h[?2026l[?2026h[?25l[1Ggathering model components ⠹ [K[?25h[?2026l[?2026h[?25l[1Ggathering model components ⠼ [K[?25h[?2026l[?2026h[?25l[1Ggathering model components ⠼ [K[?25h[?2026l[?2026h[?25l[1Ggathering model components ⠦ [K[?25h[?2026l[?2026h[?25l[1Ggathering model components ⠦ [K[?25h[?2026l[?2026h[?25l[1Ggathering model components ⠧ [K[?25h[?2026l[?2026h[?25l[1Ggathering model components ⠏ [K[?25h[?2026l[?2026h[?25l[1Ggathering model components ⠏ [K[?25h[?2026l[?2026h[?25l[1Ggathering model components ⠋ [K[?25h[?2026l[?2026h[?25l[1Ggathering model components ⠹ [K[?25h[?2026l[?2026h[?25l[1Ggathering model components ⠸ [K[?25h[?2026l[?2026h[?25l[1Ggathering model components ⠸ [K[?25h[?2026l[?2026h[?25l[1Ggathering model components ⠴ [K[?25h[?2026l[?2026h[?25l[1Ggathering model components ⠦ [K[?25h[?2026l[?2026h[?25l[1Ggathering model components ⠦ [K[?25h[?2026l[?2026h[?25l[1Ggathering model components ⠇ [K[?25h[?2026l[?2026h[?25l[1Ggathering model components ⠏ [K[?25h[?2026l[?2026h[?25l[1Ggathering model components ⠏ [K[?25h[?2026l[?2026h[?25l[1Ggathering model components ⠙ [K[?25h[?2026l[?2026h[?25l[1Ggathering model components ⠙ [K[?25h[?2026l[?2026h[?25l[1Ggathering model components ⠸ [K[?25h[?2026l[?2026h[?25l[1Ggathering model components ⠸ [K[?25h[?2026l[?2026h[?25l[1Ggathering model components ⠴ [K[?25h[?2026l[?2026h[?25l[1Ggathering model components ⠦ [K[?25h[?2026l[?2026h[?25l[1Ggathering model components ⠦ [K[?25h[?2026l[?2026h[?25l[1Ggathering model components ⠇ [K[?25h[?2026l[?2026h[?25l[1Ggathering model components ⠏ [K[?25h[?2026l[?2026h[?25l[1Ggathering model components ⠋ [K[?25h[?2026l[?2026h[?25l[1Ggathering model components ⠙ [K[?25h[?2026l[?2026h[?25l[1Ggathering model components ⠹ [K[?25h[?2026l[?2026h[?25l[1Ggathering model components ⠸ [K[?25h[?2026l[?2026h[?25l[1Ggathering model components ⠼ [K[?25h[?2026l[?2026h[?25l[1Ggathering model components ⠴ [K[?25h[?2026l[?2026h[?25l[1Ggathering model components ⠦ [K[?25h[?2026l[?2026h[?25l[1Ggathering model components ⠧ [K[?25h[?2026l[?2026h[?25l[1Ggathering model components [K
copying file sha256:382b4f5a164d200f93790ee0e339fae12852896d23485cfb203ce868fea33a95 0% ⠋ [K[?25h[?2026l[?2026h[?25l[A[1Ggathering model components [K
copying file sha256:382b4f5a164d200f93790ee0e339fae12852896d23485cfb203ce868fea33a95 0% ⠙ [K[?25h[?2026l[?2026h[?25l[A[1Ggathering model components [K
copying file sha256:382b4f5a164d200f93790ee0e339fae12852896d23485cfb203ce868fea33a95 1% ⠹ [K[?25h[?2026l[?2026h[?25l[A[1Ggathering model components [K
copying file sha256:382b4f5a164d200f93790ee0e339fae12852896d23485cfb203ce868fea33a95 2% ⠸ [K[?25h[?2026l[?2026h[?25l[A[1Ggathering model components [K
copying file sha256:382b4f5a164d200f93790ee0e339fae12852896d23485cfb203ce868fea33a95 2% ⠼ [K[?25h[?2026l[?2026h[?25l[A[1Ggathering model components [K
copying file sha256:382b4f5a164d200f93790ee0e339fae12852896d23485cfb203ce868fea33a95 3% ⠴ [K[?25h[?2026l[?2026h[?25l[A[1Ggathering model components [K
copying file sha256:382b4f5a164d200f93790ee0e339fae12852896d23485cfb203ce868fea33a95 4% ⠦ [K[?25h[?2026l[?2026h[?25l[A[1Ggathering model components [K
copying file sha256:382b4f5a164d200f93790ee0e339fae12852896d23485cfb203ce868fea33a95 5% ⠧ [K[?25h[?2026l[?2026h[?25l[A[1Ggathering model components [K
copying file sha256:382b4f5a164d200f93790ee0e339fae12852896d23485cfb203ce868fea33a95 6% ⠇ [K[?25h[?2026l[?2026h[?25l[A[1Ggathering model components [K
copying file sha256:382b4f5a164d200f93790ee0e339fae12852896d23485cfb203ce868fea33a95 7% ⠏ [K[?25h[?2026l[?2026h[?25l[A[1Ggathering model components [K
copying file sha256:382b4f5a164d200f93790ee0e339fae12852896d23485cfb203ce868fea33a95 7% ⠋ [K[?25h[?2026l[?2026h[?25l[A[1Ggathering model components [K
copying file sha256:382b4f5a164d200f93790ee0e339fae12852896d23485cfb203ce868fea33a95 8% ⠙ [K[?25h[?2026l[?2026h[?25l[A[1Ggathering model components [K
copying file sha256:382b4f5a164d200f93790ee0e339fae12852896d23485cfb203ce868fea33a95 9% ⠹ [K[?25h[?2026l[?2026h[?25l[A[1Ggathering model components [K
copying file sha256:382b4f5a164d200f93790ee0e339fae12852896d23485cfb203ce868fea33a95 10% ⠸ [K[?25h[?2026l[?2026h[?25l[A[1Ggathering model components [K
copying file sha256:382b4f5a164d200f93790ee0e339fae12852896d23485cfb203ce868fea33a95 11% ⠼ [K[?25h[?2026l[?2026h[?25l[A[1Ggathering model components [K
copying file sha256:382b4f5a164d200f93790ee0e339fae12852896d23485cfb203ce868fea33a95 12% ⠴ [K[?25h[?2026l[?2026h[?25l[A[1Ggathering model components [K
copying file sha256:382b4f5a164d200f93790ee0e339fae12852896d23485cfb203ce868fea33a95 12% ⠦ [K[?25h[?2026l[?2026h[?25l[A[1Ggathering model components [K
copying file sha256:382b4f5a164d200f93790ee0e339fae12852896d23485cfb203ce868fea33a95 13% ⠧ [K[?25h[?2026l[?2026h[?25l[A[1Ggathering model components [K
copying file sha256:382b4f5a164d200f93790ee0e339fae12852896d23485cfb203ce868fea33a95 14% ⠇ [K[?25h[?2026l[?2026h[?25l[A[1Ggathering model components [K
copying file sha256:382b4f5a164d200f93790ee0e339fae12852896d23485cfb203ce868fea33a95 15% ⠏ [K[?25h[?2026l[?2026h[?25l[A[1Ggathering model components [K
copying file sha256:382b4f5a164d200f93790ee0e339fae12852896d23485cfb203ce868fea33a95 16% ⠋ [K[?25h[?2026l[?2026h[?25l[A[1Ggathering model components [K
copying file sha256:382b4f5a164d200f93790ee0e339fae12852896d23485cfb203ce868fea33a95 17% ⠙ [K[?25h[?2026l[?2026h[?25l[A[1Ggathering model components [K
copying file sha256:382b4f5a164d200f93790ee0e339fae12852896d23485cfb203ce868fea33a95 17% ⠹ [K[?25h[?2026l[?2026h[?25l[A[1Ggathering model components [K
copying file sha256:382b4f5a164d200f93790ee0e339fae12852896d23485cfb203ce868fea33a95 18% ⠸ [K[?25h[?2026l[?2026h[?25l[A[1Ggathering model components [K
copying file sha256:382b4f5a164d200f93790ee0e339fae12852896d23485cfb203ce868fea33a95 19% ⠼ [K[?25h[?2026l[?2026h[?25l[A[1Ggathering model components [K
copying file sha256:382b4f5a164d200f93790ee0e339fae12852896d23485cfb203ce868fea33a95 20% ⠴ [K[?25h[?2026l[?2026h[?25l[A[1Ggathering model components [K
copying file sha256:382b4f5a164d200f93790ee0e339fae12852896d23485cfb203ce868fea33a95 21% ⠦ [K[?25h[?2026l[?2026h[?25l[A[1Ggathering model components [K
copying file sha256:382b4f5a164d200f93790ee0e339fae12852896d23485cfb203ce868fea33a95 22% ⠧ [K[?25h[?2026l[?2026h[?25l[A[1Ggathering model components [K
copying file sha256:382b4f5a164d200f93790ee0e339fae12852896d23485cfb203ce868fea33a95 22% ⠇ [K[?25h[?2026l[?2026h[?25l[A[1Ggathering model components [K
copying file sha256:382b4f5a164d200f93790ee0e339fae12852896d23485cfb203ce868fea33a95 23% ⠏ [K[?25h[?2026l[?2026h[?25l[A[1Ggathering model components [K
copying file sha256:382b4f5a164d200f93790ee0e339fae12852896d23485cfb203ce868fea33a95 24% ⠋ [K[?25h[?2026l[?2026h[?25l[A[1Ggathering model components [K
copying file sha256:382b4f5a164d200f93790ee0e339fae12852896d23485cfb203ce868fea33a95 25% ⠙ [K[?25h[?2026l[?2026h[?25l[A[1Ggathering model components [K
copying file sha256:382b4f5a164d200f93790ee0e339fae12852896d23485cfb203ce868fea33a95 26% ⠹ [K[?25h[?2026l[?2026h[?25l[A[1Ggathering model components [K
copying file sha256:382b4f5a164d200f93790ee0e339fae12852896d23485cfb203ce868fea33a95 27% ⠸ [K[?25h[?2026l[?2026h[?25l[A[1Ggathering model components [K
copying file sha256:382b4f5a164d200f93790ee0e339fae12852896d23485cfb203ce868fea33a95 27% ⠼ [K[?25h[?2026l[?2026h[?25l[A[1Ggathering model components [K
copying file sha256:382b4f5a164d200f93790ee0e339fae12852896d23485cfb203ce868fea33a95 28% ⠴ [K[?25h[?2026l[?2026h[?25l[A[1Ggathering model components [K
copying file sha256:382b4f5a164d200f93790ee0e339fae12852896d23485cfb203ce868fea33a95 29% ⠦ [K[?25h[?2026l[?2026h[?25l[A[1Ggathering model components [K
copying file sha256:382b4f5a164d200f93790ee0e339fae12852896d23485cfb203ce868fea33a95 30% ⠧ [K[?25h[?2026l[?2026h[?25l[A[1Ggathering model components [K
copying file sha256:382b4f5a164d200f93790ee0e339fae12852896d23485cfb203ce868fea33a95 31% ⠇ [K[?25h[?2026l[?2026h[?25l[A[1Ggathering model components [K
copying file sha256:382b4f5a164d200f93790ee0e339fae12852896d23485cfb203ce868fea33a95 32% ⠏ [K[?25h[?2026l[?2026h[?25l[A[1Ggathering model components [K
copying file sha256:382b4f5a164d200f93790ee0e339fae12852896d23485cfb203ce868fea33a95 32% ⠋ [K[?25h[?2026l[?2026h[?25l[A[1Ggathering model components [K
copying file sha256:382b4f5a164d200f93790ee0e339fae12852896d23485cfb203ce868fea33a95 33% ⠙ [K[?25h[?2026l[?2026h[?25l[A[1Ggathering model components [K
copying file sha256:382b4f5a164d200f93790ee0e339fae12852896d23485cfb203ce868fea33a95 34% ⠹ [K[?25h[?2026l[?2026h[?25l[A[1Ggathering model components [K
copying file sha256:382b4f5a164d200f93790ee0e339fae12852896d23485cfb203ce868fea33a95 35% ⠸ [K[?25h[?2026l[?2026h[?25l[A[1Ggathering model components [K
copying file sha256:382b4f5a164d200f93790ee0e339fae12852896d23485cfb203ce868fea33a95 36% ⠼ [K[?25h[?2026l[?2026h[?25l[A[1Ggathering model components [K
copying file sha256:382b4f5a164d200f93790ee0e339fae12852896d23485cfb203ce868fea33a95 37% ⠴ [K[?25h[?2026l[?2026h[?25l[A[1Ggathering model components [K
copying file sha256:382b4f5a164d200f93790ee0e339fae12852896d23485cfb203ce868fea33a95 37% ⠦ [K[?25h[?2026l[?2026h[?25l[A[1Ggathering model components [K
copying file sha256:382b4f5a164d200f93790ee0e339fae12852896d23485cfb203ce868fea33a95 38% ⠧ [K[?25h[?2026l[?2026h[?25l[A[1Ggathering model components [K
copying file sha256:382b4f5a164d200f93790ee0e339fae12852896d23485cfb203ce868fea33a95 39% ⠇ [K[?25h[?2026l[?2026h[?25l[A[1Ggathering model components [K
copying file sha256:382b4f5a164d200f93790ee0e339fae12852896d23485cfb203ce868fea33a95 40% ⠏ [K[?25h[?2026l[?2026h[?25l[A[1Ggathering model components [K
copying file sha256:382b4f5a164d200f93790ee0e339fae12852896d23485cfb203ce868fea33a95 41% ⠋ [K[?25h[?2026l[?2026h[?25l[A[1Ggathering model components [K
copying file sha256:382b4f5a164d200f93790ee0e339fae12852896d23485cfb203ce868fea33a95 42% ⠙ [K[?25h[?2026l[?2026h[?25l[A[1Ggathering model components [K
copying file sha256:382b4f5a164d200f93790ee0e339fae12852896d23485cfb203ce868fea33a95 42% ⠹ [K[?25h[?2026l[?2026h[?25l[A[1Ggathering model components [K
copying file sha256:382b4f5a164d200f93790ee0e339fae12852896d23485cfb203ce868fea33a95 43% ⠸ [K[?25h[?2026l[?2026h[?25l[A[1Ggathering model components [K
copying file sha256:382b4f5a164d200f93790ee0e339fae12852896d23485cfb203ce868fea33a95 44% ⠼ [K[?25h[?2026l[?2026h[?25l[A[1Ggathering model components [K
copying file sha256:382b4f5a164d200f93790ee0e339fae12852896d23485cfb203ce868fea33a95 44% ⠴ [K[?25h[?2026l[?2026h[?25l[A[1Ggathering model components [K
copying file sha256:382b4f5a164d200f93790ee0e339fae12852896d23485cfb203ce868fea33a95 45% ⠦ [K[?25h[?2026l[?2026h[?25l[A[1Ggathering model components [K
copying file sha256:382b4f5a164d200f93790ee0e339fae12852896d23485cfb203ce868fea33a95 46% ⠧ [K[?25h[?2026l[?2026h[?25l[A[1Ggathering model components [K
copying file sha256:382b4f5a164d200f93790ee0e339fae12852896d23485cfb203ce868fea33a95 47% ⠇ [K[?25h[?2026l[?2026h[?25l[A[1Ggathering model components [K
copying file sha256:382b4f5a164d200f93790ee0e339fae12852896d23485cfb203ce868fea33a95 48% ⠏ [K[?25h[?2026l[?2026h[?25l[A[1Ggathering model components [K
copying file sha256:382b4f5a164d200f93790ee0e339fae12852896d23485cfb203ce868fea33a95 49% ⠋ [K[?25h[?2026l[?2026h[?25l[A[1Ggathering model components [K
copying file sha256:382b4f5a164d200f93790ee0e339fae12852896d23485cfb203ce868fea33a95 49% ⠙ [K[?25h[?2026l[?2026h[?25l[A[1Ggathering model components [K
copying file sha256:382b4f5a164d200f93790ee0e339fae12852896d23485cfb203ce868fea33a95 50% ⠹ [K[?25h[?2026l[?2026h[?25l[A[1Ggathering model components [K
copying file sha256:382b4f5a164d200f93790ee0e339fae12852896d23485cfb203ce868fea33a95 51% ⠸ [K[?25h[?2026l[?2026h[?25l[A[1Ggathering model components [K
copying file sha256:382b4f5a164d200f93790ee0e339fae12852896d23485cfb203ce868fea33a95 52% ⠼ [K[?25h[?2026l[?2026h[?25l[A[1Ggathering model components [K
copying file sha256:382b4f5a164d200f93790ee0e339fae12852896d23485cfb203ce868fea33a95 53% ⠴ [K[?25h[?2026l[?2026h[?25l[A[1Ggathering model components [K
copying file sha256:382b4f5a164d200f93790ee0e339fae12852896d23485cfb203ce868fea33a95 54% ⠦ [K[?25h[?2026l[?2026h[?25l[A[1Ggathering model components [K
copying file sha256:382b4f5a164d200f93790ee0e339fae12852896d23485cfb203ce868fea33a95 54% ⠧ [K[?25h[?2026l[?2026h[?25l[A[1Ggathering model components [K
copying file sha256:382b4f5a164d200f93790ee0e339fae12852896d23485cfb203ce868fea33a95 55% ⠇ [K[?25h[?2026l[?2026h[?25l[A[1Ggathering model components [K
copying file sha256:382b4f5a164d200f93790ee0e339fae12852896d23485cfb203ce868fea33a95 56% ⠏ [K[?25h[?2026l[?2026h[?25l[A[1Ggathering model components [K
copying file sha256:382b4f5a164d200f93790ee0e339fae12852896d23485cfb203ce868fea33a95 57% ⠋ [K[?25h[?2026l[?2026h[?25l[A[1Ggathering model components [K
copying file sha256:382b4f5a164d200f93790ee0e339fae12852896d23485cfb203ce868fea33a95 58% ⠙ [K[?25h[?2026l[?2026h[?25l[A[1Ggathering model components [K
copying file sha256:382b4f5a164d200f93790ee0e339fae12852896d23485cfb203ce868fea33a95 59% ⠹ [K[?25h[?2026l[?2026h[?25l[A[1Ggathering model components [K
copying file sha256:382b4f5a164d200f93790ee0e339fae12852896d23485cfb203ce868fea33a95 59% ⠸ [K[?25h[?2026l[?2026h[?25l[A[1Ggathering model components [K
copying file sha256:382b4f5a164d200f93790ee0e339fae12852896d23485cfb203ce868fea33a95 60% ⠼ [K[?25h[?2026l[?2026h[?25l[A[1Ggathering model components [K
copying file sha256:382b4f5a164d200f93790ee0e339fae12852896d23485cfb203ce868fea33a95 61% ⠴ [K[?25h[?2026l[?2026h[?25l[A[1Ggathering model components [K
copying file sha256:382b4f5a164d200f93790ee0e339fae12852896d23485cfb203ce868fea33a95 62% ⠦ [K[?25h[?2026l[?2026h[?25l[A[1Ggathering model components [K
copying file sha256:382b4f5a164d200f93790ee0e339fae12852896d23485cfb203ce868fea33a95 63% ⠧ [K[?25h[?2026l[?2026h[?25l[A[1Ggathering model components [K
copying file sha256:382b4f5a164d200f93790ee0e339fae12852896d23485cfb203ce868fea33a95 64% ⠇ [K[?25h[?2026l[?2026h[?25l[A[1Ggathering model components [K
copying file sha256:382b4f5a164d200f93790ee0e339fae12852896d23485cfb203ce868fea33a95 64% ⠏ [K[?25h[?2026l[?2026h[?25l[A[1Ggathering model components [K
copying file sha256:382b4f5a164d200f93790ee0e339fae12852896d23485cfb203ce868fea33a95 65% ⠋ [K[?25h[?2026l[?2026h[?25l[A[1Ggathering model components [K
copying file sha256:382b4f5a164d200f93790ee0e339fae12852896d23485cfb203ce868fea33a95 66% ⠙ [K[?25h[?2026l[?2026h[?25l[A[1Ggathering model components [K
copying file sha256:382b4f5a164d200f93790ee0e339fae12852896d23485cfb203ce868fea33a95 67% ⠹ [K[?25h[?2026l[?2026h[?25l[A[1Ggathering model components [K
copying file sha256:382b4f5a164d200f93790ee0e339fae12852896d23485cfb203ce868fea33a95 68% ⠸ [K[?25h[?2026l[?2026h[?25l[A[1Ggathering model components [K
copying file sha256:382b4f5a164d200f93790ee0e339fae12852896d23485cfb203ce868fea33a95 69% ⠼ [K[?25h[?2026l[?2026h[?25l[A[1Ggathering model components [K
copying file sha256:382b4f5a164d200f93790ee0e339fae12852896d23485cfb203ce868fea33a95 69% ⠴ [K[?25h[?2026l[?2026h[?25l[A[1Ggathering model components [K
copying file sha256:382b4f5a164d200f93790ee0e339fae12852896d23485cfb203ce868fea33a95 70% ⠦ [K[?25h[?2026l[?2026h[?25l[A[1Ggathering model components [K
copying file sha256:382b4f5a164d200f93790ee0e339fae12852896d23485cfb203ce868fea33a95 71% ⠧ [K[?25h[?2026l[?2026h[?25l[A[1Ggathering model components [K
copying file sha256:382b4f5a164d200f93790ee0e339fae12852896d23485cfb203ce868fea33a95 72% ⠇ [K[?25h[?2026l[?2026h[?25l[A[1Ggathering model components [K
copying file sha256:382b4f5a164d200f93790ee0e339fae12852896d23485cfb203ce868fea33a95 73% ⠏ [K[?25h[?2026l[?2026h[?25l[A[1Ggathering model components [K
copying file sha256:382b4f5a164d200f93790ee0e339fae12852896d23485cfb203ce868fea33a95 74% ⠋ [K[?25h[?2026l[?2026h[?25l[A[1Ggathering model components [K
copying file sha256:382b4f5a164d200f93790ee0e339fae12852896d23485cfb203ce868fea33a95 74% ⠙ [K[?25h[?2026l[?2026h[?25l[A[1Ggathering model components [K
copying file sha256:382b4f5a164d200f93790ee0e339fae12852896d23485cfb203ce868fea33a95 75% ⠹ [K[?25h[?2026l[?2026h[?25l[A[1Ggathering model components [K
copying file sha256:382b4f5a164d200f93790ee0e339fae12852896d23485cfb203ce868fea33a95 76% ⠸ [K[?25h[?2026l[?2026h[?25l[A[1Ggathering model components [K
copying file sha256:382b4f5a164d200f93790ee0e339fae12852896d23485cfb203ce868fea33a95 76% ⠼ [K[?25h[?2026l[?2026h[?25l[A[1Ggathering model components [K
copying file sha256:382b4f5a164d200f93790ee0e339fae12852896d23485cfb203ce868fea33a95 77% ⠴ [K[?25h[?2026l[?2026h[?25l[A[1Ggathering model components [K
copying file sha256:382b4f5a164d200f93790ee0e339fae12852896d23485cfb203ce868fea33a95 79% ⠦ [K[?25h[?2026l[?2026h[?25l[A[1Ggathering model components [K
copying file sha256:382b4f5a164d200f93790ee0e339fae12852896d23485cfb203ce868fea33a95 79% ⠧ [K[?25h[?2026l[?2026h[?25l[A[1Ggathering model components [K
copying file sha256:382b4f5a164d200f93790ee0e339fae12852896d23485cfb203ce868fea33a95 80% ⠇ [K[?25h[?2026l[?2026h[?25l[A[1Ggathering model components [K
copying file sha256:382b4f5a164d200f93790ee0e339fae12852896d23485cfb203ce868fea33a95 81% ⠏ [K[?25h[?2026l[?2026h[?25l[A[1Ggathering model components [K
copying file sha256:382b4f5a164d200f93790ee0e339fae12852896d23485cfb203ce868fea33a95 81% ⠋ [K[?25h[?2026l[?2026h[?25l[A[1Ggathering model components [K
copying file sha256:382b4f5a164d200f93790ee0e339fae12852896d23485cfb203ce868fea33a95 82% ⠙ [K[?25h[?2026l[?2026h[?25l[A[1Ggathering model components [K
copying file sha256:382b4f5a164d200f93790ee0e339fae12852896d23485cfb203ce868fea33a95 83% ⠹ [K[?25h[?2026l[?2026h[?25l[A[1Ggathering model components [K
copying file sha256:382b4f5a164d200f93790ee0e339fae12852896d23485cfb203ce868fea33a95 84% ⠸ [K[?25h[?2026l[?2026h[?25l[A[1Ggathering model components [K
copying file sha256:382b4f5a164d200f93790ee0e339fae12852896d23485cfb203ce868fea33a95 85% ⠼ [K[?25h[?2026l[?2026h[?25l[A[1Ggathering model components [K
copying file sha256:382b4f5a164d200f93790ee0e339fae12852896d23485cfb203ce868fea33a95 86% ⠴ [K[?25h[?2026l[?2026h[?25l[A[1Ggathering model components [K
copying file sha256:382b4f5a164d200f93790ee0e339fae12852896d23485cfb203ce868fea33a95 86% ⠦ [K[?25h[?2026l[?2026h[?25l[A[1Ggathering model components [K
copying file sha256:382b4f5a164d200f93790ee0e339fae12852896d23485cfb203ce868fea33a95 88% ⠧ [K[?25h[?2026l[?2026h[?25l[A[1Ggathering model components [K
copying file sha256:382b4f5a164d200f93790ee0e339fae12852896d23485cfb203ce868fea33a95 89% ⠇ [K[?25h[?2026l[?2026h[?25l[A[1Ggathering model components [K
copying file sha256:382b4f5a164d200f93790ee0e339fae12852896d23485cfb203ce868fea33a95 89% ⠏ [K[?25h[?2026l[?2026h[?25l[A[1Ggathering model components [K
copying file sha256:382b4f5a164d200f93790ee0e339fae12852896d23485cfb203ce868fea33a95 90% ⠋ [K[?25h[?2026l[?2026h[?25l[A[1Ggathering model components [K
copying file sha256:382b4f5a164d200f93790ee0e339fae12852896d23485cfb203ce868fea33a95 91% ⠙ [K[?25h[?2026l[?2026h[?25l[A[1Ggathering model components [K
copying file sha256:382b4f5a164d200f93790ee0e339fae12852896d23485cfb203ce868fea33a95 92% ⠹ [K[?25h[?2026l[?2026h[?25l[A[1Ggathering model components [K
copying file sha256:382b4f5a164d200f93790ee0e339fae12852896d23485cfb203ce868fea33a95 93% ⠸ [K[?25h[?2026l[?2026h[?25l[A[1Ggathering model components [K
copying file sha256:382b4f5a164d200f93790ee0e339fae12852896d23485cfb203ce868fea33a95 94% ⠼ [K[?25h[?2026l[?2026h[?25l[A[1Ggathering model components [K
copying file sha256:382b4f5a164d200f93790ee0e339fae12852896d23485cfb203ce868fea33a95 94% ⠴ [K[?25h[?2026l[?2026h[?25l[A[1Ggathering model components [K
copying file sha256:382b4f5a164d200f93790ee0e339fae12852896d23485cfb203ce868fea33a95 95% ⠦ [K[?25h[?2026l[?2026h[?25l[A[1Ggathering model components [K
copying file sha256:382b4f5a164d200f93790ee0e339fae12852896d23485cfb203ce868fea33a95 96% ⠧ [K[?25h[?2026l[?2026h[?25l[A[1Ggathering model components [K
copying file sha256:382b4f5a164d200f93790ee0e339fae12852896d23485cfb203ce868fea33a95 96% ⠇ [K[?25h[?2026l[?2026h[?25l[A[1Ggathering model components [K
copying file sha256:382b4f5a164d200f93790ee0e339fae12852896d23485cfb203ce868fea33a95 97% ⠏ [K[?25h[?2026l[?2026h[?25l[A[1Ggathering model components [K
copying file sha256:382b4f5a164d200f93790ee0e339fae12852896d23485cfb203ce868fea33a95 98% ⠋ [K[?25h[?2026l[?2026h[?25l[A[1Ggathering model components [K
copying file sha256:382b4f5a164d200f93790ee0e339fae12852896d23485cfb203ce868fea33a95 99% ⠙ [K[?25h[?2026l[?2026h[?25l[A[1Ggathering model components [K
copying file sha256:382b4f5a164d200f93790ee0e339fae12852896d23485cfb203ce868fea33a95 100% [K
parsing GGUF ⠋ [K[?25h[?2026l[?2026h[?25l[A[A[1Ggathering model components [K
copying file sha256:382b4f5a164d200f93790ee0e339fae12852896d23485cfb203ce868fea33a95 100% [K
parsing GGUF [K
using existing layer sha256:382b4f5a164d200f93790ee0e339fae12852896d23485cfb203ce868fea33a95 [K
using existing layer sha256:eade0a07cac7712787bbce23d12f9306adb4781d873d1df6e16f7840fa37afec [K
using existing layer sha256:0914c7781e001948488d937994217538375b4fd8c1466c5e7a625221abd3ea7a [K
writing manifest [K
success [K[?25h[?2026l
