--2026-05-25 04:56:04--  https://huggingface.co/bartowski/Qwen_Qwen3-Next-80B-A3B-Instruct-GGUF/resolve/main/Qwen_Qwen3-Next-80B-A3B-Instruct-Q4_K_M.gguf
huggingface.co (huggingface.co) 해석 중... 52.85.128.77, 52.85.128.104, 52.85.128.111, ...
다음으로 연결 중: huggingface.co (huggingface.co)|52.85.128.77|:443... 연결했습니다.
HTTP 요청을 보냈습니다. 응답 기다리는 중... 302 Found
위치: https://cdn-lfs-us-1.hf.co/repos/84/cd/84cdd5f6674d33337c9702a52fb4381d45822d89aee566b20cfbeb5ccb949918/0823a763fca050fce52e7b9180449bf1c2cc25778eabc501dd3fcf4a799f83d2?response-content-disposition=inline%3B+filename*%3DUTF-8%27%27Qwen_Qwen3-Next-80B-A3B-Instruct-Q4_K_M.gguf%3B+filename%3D%22Qwen_Qwen3-Next-80B-A3B-Instruct-Q4_K_M.gguf%22%3B&Expires=1779656164&Policy=eyJTdGF0ZW1lbnQiOlt7IkNvbmRpdGlvbiI6eyJEYXRlTGVzc1RoYW4iOnsiQVdTOkVwb2NoVGltZSI6MTc3OTY1NjE2NH19LCJSZXNvdXJjZSI6Imh0dHBzOi8vY2RuLWxmcy11cy0xLmhmLmNvL3JlcG9zLzg0L2NkLzg0Y2RkNWY2Njc0ZDMzMzM3Yzk3MDJhNTJmYjQzODFkNDU4MjJkODlhZWU1NjZiMjBjZmJlYjVjY2I5NDk5MTgvMDgyM2E3NjNmY2EwNTBmY2U1MmU3YjkxODA0NDliZjFjMmNjMjU3NzhlYWJjNTAxZGQzZmNmNGE3OTlmODNkMj9yZXNwb25zZS1jb250ZW50LWRpc3Bvc2l0aW9uPSoifV19&Signature=C0qN5QAumo%7Eu-nXq6UwnKIVYJpuYLkdYWuWHUravqTwO9GNrSYJoRLczLG3-nBnQsjaNjRuUXjQVhS974ShD95ZGA9Vekm4w7lxryWNGfLYl-cVhrILFNjl26shrW89-65FA1AG15C3IMPH1TdMM%7EzDNtI0OVEvZILoPNBXm4Rya5SPmFNgJJgoqhDMCRJAmH2x09vlLwOF1E1Ww-LZZ2FwY5yRJBQL1vvmFuV8a57BS443nuuRrKVqOJJhHXnrudoH6MDFwj3%7EpwDmFOsdxYEAco7woglFcIv6wgx9hGZg9q4vXy5Nb4Jl1wbOE3BFpkGJFyRh3q%7E%7ELNaNjE0mzoA__&Key-Pair-Id=K24J24Z295AEI9 [따라감]
--2026-05-25 04:56:04--  https://cdn-lfs-us-1.hf.co/repos/84/cd/84cdd5f6674d33337c9702a52fb4381d45822d89aee566b20cfbeb5ccb949918/0823a763fca050fce52e7b9180449bf1c2cc25778eabc501dd3fcf4a799f83d2?response-content-disposition=inline%3B+filename*%3DUTF-8%27%27Qwen_Qwen3-Next-80B-A3B-Instruct-Q4_K_M.gguf%3B+filename%3D%22Qwen_Qwen3-Next-80B-A3B-Instruct-Q4_K_M.gguf%22%3B&Expires=1779656164&Policy=eyJTdGF0ZW1lbnQiOlt7IkNvbmRpdGlvbiI6eyJEYXRlTGVzc1RoYW4iOnsiQVdTOkVwb2NoVGltZSI6MTc3OTY1NjE2NH19LCJSZXNvdXJjZSI6Imh0dHBzOi8vY2RuLWxmcy11cy0xLmhmLmNvL3JlcG9zLzg0L2NkLzg0Y2RkNWY2Njc0ZDMzMzM3Yzk3MDJhNTJmYjQzODFkNDU4MjJkODlhZWU1NjZiMjBjZmJlYjVjY2I5NDk5MTgvMDgyM2E3NjNmY2EwNTBmY2U1MmU3YjkxODA0NDliZjFjMmNjMjU3NzhlYWJjNTAxZGQzZmNmNGE3OTlmODNkMj9yZXNwb25zZS1jb250ZW50LWRpc3Bvc2l0aW9uPSoifV19&Signature=C0qN5QAumo%7Eu-nXq6UwnKIVYJpuYLkdYWuWHUravqTwO9GNrSYJoRLczLG3-nBnQsjaNjRuUXjQVhS974ShD95ZGA9Vekm4w7lxryWNGfLYl-cVhrILFNjl26shrW89-65FA1AG15C3IMPH1TdMM%7EzDNtI0OVEvZILoPNBXm4Rya5SPmFNgJJgoqhDMCRJAmH2x09vlLwOF1E1Ww-LZZ2FwY5yRJBQL1vvmFuV8a57BS443nuuRrKVqOJJhHXnrudoH6MDFwj3%7EpwDmFOsdxYEAco7woglFcIv6wgx9hGZg9q4vXy5Nb4Jl1wbOE3BFpkGJFyRh3q%7E%7ELNaNjE0mzoA__&Key-Pair-Id=K24J24Z295AEI9
cdn-lfs-us-1.hf.co (cdn-lfs-us-1.hf.co) 해석 중... 18.64.8.77, 18.64.8.120, 18.64.8.16, ...
다음으로 연결 중: cdn-lfs-us-1.hf.co (cdn-lfs-us-1.hf.co)|18.64.8.77|:443... 연결했습니다.
HTTP 요청을 보냈습니다. 응답 기다리는 중... 200 OK
길이: 48727677408 (45G) [binary/octet-stream]
저장 위치: ‘Qwen_Qwen3-Next-80B-A3B-Instruct-Q4_K_M.gguf’

     0K ........ ........ ........ ........  0% 27.4M 28m15s
 32768K ........ ........ ........ ........  0% 27.4M 28m14s
 65536K ........ ........ ........ ........  0% 27.3M 28m16s
 98304K ........ ........ ........ ........  0% 27.4M 28m14s
131072K ........ ........ ........ ........  0% 27.3M 28m13s
163840K ........ ........ ........ ........  0% 27.3M 28m12s
196608K ........ ........ ........ ........  0% 27.3M 28m11s
229376K ........ ........ ........ ........  0% 27.3M 28m10s
262144K ........ ........ ........ ........  0% 27.4M 28m9s
294912K ........ ........ ........ ........  0% 27.3M 28m8s
327680K ........ ........ ........ ........  0% 27.3M 28m7s
360448K ........ ........ ........ ........  0% 27.4M 28m5s
393216K ........ ........ ........ ........  0% 27.2M 28m5s
425984K ........ ........ ........ ........  0% 18.7M 28m59s
458752K ........ ........ ........ ........  1% 23.6M 29m12s
491520K ........ ........ ........ ........  1% 32.6M 28m50s
524288K ........ ........ ........ ........  1% 27.3M 28m46s
557056K ........ ........ ........ ........  1% 27.3M 28m42s
589824K ........ ........ ........ ........  1% 27.3M 28m38s
622592K ........ ........ ........ ........  1% 27.3M 28m35s
655360K ........ ........ ........ ........  1% 27.4M 28m32s
688128K ........ ........ ........ ........  1% 27.4M 28m29s
720896K ........ ........ ........ ........  1% 27.3M 28m27s
753664K ........ ........ ........ ........  1% 26.7M 28m26s
786432K ........ ........ ........ ........  1% 28.0M 28m22s
819200K ........ ........ ........ ........  1% 27.3M 28m19s
851968K ........ ........ ........ ........  1% 27.4M 28m17s
884736K ........ ........ ........ ........  1% 18.8M 28m42s
917504K ........ ........ ........ ........  1% 27.7M 28m38s
950272K ........ ........ ........ ........  2% 26.8M 28m36s
983040K ........ ........ ........ ........  2% 27.6M 28m33s
1015808K ........ ........ ........ ........  2% 27.2M 28m30s
1048576K ........ ........ ........ ........  2% 26.9M 28m28s
1081344K ........ ........ ........ ........  2% 27.7M 28m25s
1114112K ........ ........ ........ ........  2% 27.3M 28m23s
1146880K ........ ........ ........ ........  2% 26.1M 28m22s
1179648K ........ ........ ........ ........  2% 28.8M 28m18s
1212416K ........ ........ ........ ........  2% 25.8M 28m18s
1245184K ........ ........ ........ ........  2% 27.7M 28m15s
1277952K ........ ........ ........ ........  2% 27.5M 28m13s
1310720K ........ ........ ........ ........  2% 26.8M 28m11s
1343488K ........ ........ ........ ........  2% 27.5M 28m9s
1376256K ........ ........ ........ ........  2% 24.4M 28m11s
1409024K ........ ........ ........ ........  3% 20.0M 28m23s
1441792K ........ ........ ........ ........  3% 27.4M 28m21s
1474560K ........ ........ ........ ........  3% 27.3M 28m18s
1507328K ........ ........ ........ ........  3% 27.4M 28m16s
1540096K ........ ........ ........ ........  3% 27.3M 28m14s
1572864K ........ ........ ........ ........  3% 27.4M 28m11s
1605632K ........ ........ ........ ........  3% 27.3M 28m9s
1638400K ........ ........ ........ ........  3% 27.3M 28m7s
1671168K ........ ........ ........ ........  3% 27.4M 28m5s
1703936K ........ ........ ........ ........  3% 27.3M 28m3s
1736704K ........ ........ ........ ........  3% 18.7M 28m15s
1769472K ........ ........ ........ ........  3% 27.4M 28m13s
1802240K ........ ........ ........ ........  3% 27.3M 28m10s
1835008K ........ ........ ........ ........  3% 27.3M 28m8s
1867776K ........ ........ ........ ........  3% 27.3M 28m6s
1900544K ........ ........ ........ ........  4% 27.3M 28m4s
1933312K ........ ........ ........ ........  4% 27.4M 28m2s
1966080K ........ ........ ........ ........  4% 27.4M 28m0s
1998848K ........ ........ ........ ........  4% 27.3M 27m58s
2031616K ........ ........ ........ ........  4% 27.3M 27m56s
2064384K ........ ........ ........ ........  4% 27.3M 27m54s
2097152K ........ ........ ........ ........  4% 27.4M 27m52s
2129920K ........ ........ ........ ........  4% 27.4M 27m50s
2162688K ........ ........ ........ ........  4% 27.3M 27m48s
2195456K ........ ........ ........ ........  4% 27.4M 27m46s
2228224K ........ ........ ........ ........  4% 27.3M 27m44s
2260992K ........ ........ ........ ........  4% 27.4M 27m42s
2293760K ........ ........ ........ ........  4% 27.3M 27m41s
2326528K ........ ........ ........ ........  4% 18.9M 27m49s
2359296K ........ ........ ........ ........  5% 27.7M 27m47s
2392064K ........ ........ ........ ........  5% 26.8M 27m45s
2424832K ........ ........ ........ ........  5% 27.6M 27m43s
2457600K ........ ........ ........ ........  5% 26.9M 27m41s
2490368K ........ ........ ........ ........  5% 27.5M 27m39s
2523136K ........ ........ ........ ........  5% 27.2M 27m38s
2555904K ........ ........ ........ ........  5% 27.5M 27m36s
2588672K ........ ........ ........ ........  5% 26.9M 27m34s
2621440K ........ ........ ........ ........  5% 27.6M 27m32s
2654208K ........ ........ ........ ........  5% 27.6M 27m30s
2686976K ........ ........ ........ ........  5% 27.0M 27m29s
2719744K ........ ........ ........ ........  5% 27.4M 27m27s
2752512K ........ ........ ........ ........  5% 27.7M 27m25s
2785280K ........ ........ ........ ........  5% 27.0M 27m24s
2818048K ........ ........ ........ ........  5% 27.4M 27m22s
2850816K ........ ........ ........ ........  6% 27.1M 27m20s
2883584K ........ ........ ........ ........  6% 27.4M 27m19s
2916352K ........ ........ ........ ........  6% 27.5M 27m17s
2949120K ........ ........ ........ ........  6% 27.2M 27m15s
2981888K ........ ........ ........ ........  6% 27.3M 27m13s
3014656K ........ ........ ........ ........  6% 18.7M 27m20s
3047424K ........ ........ ........ ........  6% 22.0M 27m22s
3080192K ........ ........ ........ ........  6% 36.0M 27m16s
3112960K ........ ........ ........ ........  6% 27.3M 27m15s
3145728K ........ ........ ........ ........  6% 27.3M 27m13s
3178496K ........ ........ ........ ........  6% 27.4M 27m11s
3211264K ........ ........ ........ ........  6% 27.3M 27m10s
3244032K ........ ........ ........ ........  6% 27.3M 27m8s
3276800K ........ ........ ........ ........  6% 27.4M 27m6s
3309568K ........ ........ ........ ........  7% 27.3M 27m5s
3342336K ........ ........ ........ ........  7% 27.4M 27m3s
3375104K ........ ........ ........ ........  7% 18.7M 27m8s
3407872K ........ ........ ........ ........  7% 27.3M 27m7s
3440640K ........ ........ ........ ........  7% 25.6M 27m6s
3473408K ........ ........ ........ ........  7% 29.3M 27m3s
3506176K ........ ........ ........ ........  7% 27.4M 27m2s
3538944K ........ ........ ........ ........  7% 27.3M 27m0s
3571712K ........ ........ ........ ........  7% 27.4M 26m58s
3604480K ........ ........ ........ ........  7% 27.2M 26m57s
3637248K ........ ........ ........ ........  7% 27.4M 26m55s
3670016K ........ ........ ........ ........  7% 27.3M 26m54s
3702784K ........ ........ ........ ........  7% 27.4M 26m52s
3735552K ........ ........ ........ ........  7% 27.4M 26m50s
3768320K ........ ........ ........ ........  7% 27.2M 26m49s
3801088K ........ ........ ........ ........  8% 27.5M 26m47s
3833856K ........ ........ ........ ........  8% 27.3M 26m46s
3866624K ........ ........ ........ ........  8% 27.3M 26m44s
3899392K ........ ........ ........ ........  8% 27.4M 26m42s
3932160K ........ ........ ........ ........  8% 27.2M 26m41s
3964928K ........ ........ ........ ........  8% 24.8M 26m41s
3997696K ........ ........ ........ ........  8% 30.5M 26m38s
4030464K ........ ........ ........ ........  8% 27.3M 26m36s
4063232K ........ ........ ........ ........  8% 27.4M 26m35s
4096000K ........ ........ ........ ........  8% 27.2M 26m33s
4128768K ........ ........ ........ ........  8% 27.5M 26m32s
4161536K ........ ........ ........ ........  8% 18.7M 26m36s
4194304K ........ ........ ........ ........  8% 27.4M 26m34s
4227072K ........ ........ ........ ........  8% 27.3M 26m33s
4259840K ........ ........ ........ ........  9% 27.4M 26m31s
4292608K ........ ........ ........ ........  9% 27.3M 26m30s
4325376K ........ ........ ........ ........  9% 27.3M 26m28s
4358144K ........ ........ ........ ........  9% 27.4M 26m27s
4390912K ........ ........ ........ ........  9% 27.3M 26m25s
4423680K ........ ........ ........ ........  9% 27.4M 26m23s
4456448K ........ ........ ........ ........  9% 26.8M 26m22s
4489216K ........ ........ ........ ........  9% 27.7M 26m21s
4521984K ........ ........ ........ ........  9% 24.1M 26m21s
4554752K ........ ........ ........ ........  9% 20.6M 26m23s
4587520K ........ ........ ........ ........  9% 27.2M 26m21s
4620288K ........ ........ ........ ........  9% 26.1M 26m20s
4653056K ........ ........ ........ ........  9% 28.7M 26m18s
4685824K ........ ........ ........ ........  9% 27.3M 26m17s
4718592K ........ ........ ........ ........  9% 27.4M 26m15s
4751360K ........ ........ ........ ........ 10% 25.5M 26m14s
4784128K ........ ........ ........ ........ 10% 29.5M 26m12s
4816896K ........ ........ ........ ........ 10% 27.3M 26m10s
4849664K ........ ........ ........ ........ 10% 27.3M 26m9s
4882432K ........ ........ ........ ........ 10% 27.4M 26m8s
4915200K ........ ........ ........ ........ 10% 27.3M 26m6s
4947968K ........ ........ ........ ........ 10% 18.7M 26m9s
4980736K ........ ........ ........ ........ 10% 27.3M 26m8s
5013504K ........ ........ ........ ........ 10% 27.4M 26m6s
5046272K ........ ........ ........ ........ 10% 27.3M 26m5s
5079040K ........ ........ ........ ........ 10% 27.3M 26m3s
5111808K ........ ........ ........ ........ 10% 27.3M 26m2s
5144576K ........ ........ ........ ........ 10% 27.3M 26m0s
5177344K ........ ........ ........ ........ 10% 27.5M 25m59s
5210112K ........ ........ ........ ........ 11% 25.3M 25m58s
5242880K ........ ........ ........ ........ 11% 29.7M 25m56s
5275648K ........ ........ ........ ........ 11% 27.3M 25m54s
5308416K ........ ........ ........ ........ 11% 27.3M 25m53s
5341184K ........ ........ ........ ........ 11% 27.3M 25m51s
5373952K ........ ........ ........ ........ 11% 27.3M 25m50s
5406720K ........ ........ ........ ........ 11% 18.7M 25m53s
5439488K ........ ........ ........ ........ 11% 27.3M 25m51s
5472256K ........ ........ ........ ........ 11% 27.3M 25m50s
5505024K ........ ........ ........ ........ 11% 26.4M 25m48s
5537792K ........ ........ ........ ........ 11% 28.4M 25m47s
5570560K ........ ........ ........ ........ 11% 27.3M 25m45s
5603328K ........ ........ ........ ........ 11% 27.4M 25m44s
5636096K ........ ........ ........ ........ 11% 27.4M 25m42s
5668864K ........ ........ ........ ........ 11% 27.2M 25m41s
5701632K ........ ........ ........ ........ 12% 27.4M 25m39s
5734400K ........ ........ ........ ........ 12% 27.3M 25m38s
5767168K ........ ........ ........ ........ 12% 27.4M 25m36s
5799936K ........ ........ ........ ........ 12% 27.3M 25m35s
5832704K ........ ........ ........ ........ 12% 18.7M 25m37s
5865472K ........ ........ ........ ........ 12% 27.3M 25m36s
5898240K ........ ........ ........ ........ 12% 27.4M 25m34s
5931008K ........ ........ ........ ........ 12% 27.3M 25m33s
5963776K ........ ........ ........ ........ 12% 27.3M 25m32s
5996544K ........ ........ ........ ........ 12% 27.3M 25m30s
6029312K ........ ........ ........ ........ 12% 27.3M 25m29s
6062080K ........ ........ ........ ........ 12% 27.2M 25m27s
6094848K ........ ........ ........ ........ 12% 27.6M 25m26s
6127616K ........ ........ ........ ........ 12% 27.2M 25m24s
6160384K ........ ........ ........ ........ 13% 27.4M 25m23s
6193152K ........ ........ ........ ........ 13% 27.3M 25m21s
6225920K ........ ........ ........ ........ 13% 27.2M 25m20s
6258688K ........ ........ ........ ........ 13% 27.5M 25m19s
6291456K ........ ........ ........ ........ 13% 26.7M 25m17s
6324224K ........ ........ ........ ........ 13% 27.9M 25m16s
6356992K ........ ........ ........ ........ 13% 27.4M 25m14s
6389760K ........ ........ ........ ........ 13% 27.2M 25m13s
6422528K ........ ........ ........ ........ 13% 27.5M 25m11s
6455296K ........ ........ ........ ........ 13% 27.2M 25m10s
6488064K ........ ........ ........ ........ 13% 27.5M 25m9s
6520832K ........ ........ ........ ........ 13% 27.4M 25m7s
6553600K ........ ........ ........ ........ 13% 27.2M 25m6s
6586368K ........ ........ ........ ........ 13% 27.5M 25m4s
6619136K ........ ........ ........ ........ 13% 27.2M 25m3s
6651904K ........ ........ ........ ........ 14% 18.8M 25m5s
6684672K ........ ........ ........ ........ 14% 27.3M 25m3s
6717440K ........ ........ ........ ........ 14% 27.4M 25m2s
6750208K ........ ........ ........ ........ 14% 27.4M 25m1s
6782976K ........ ........ ........ ........ 14% 27.3M 24m59s
6815744K ........ ........ ........ ........ 14% 27.3M 24m58s
6848512K ........ ........ ........ ........ 14% 27.4M 24m56s
6881280K ........ ........ ........ ........ 14% 27.4M 24m55s
6914048K ........ ........ ........ ........ 14% 27.4M 24m54s
6946816K ........ ........ ........ ........ 14% 27.2M 24m52s
6979584K ........ ........ ........ ........ 14% 27.4M 24m51s
7012352K ........ ........ ........ ........ 14% 18.7M 24m53s
7045120K ........ ........ ........ ........ 14% 27.3M 24m51s
7077888K ........ ........ ........ ........ 14% 27.4M 24m50s
7110656K ........ ........ ........ ........ 15% 27.3M 24m48s
7143424K ........ ........ ........ ........ 15% 27.3M 24m47s
7176192K ........ ........ ........ ........ 15% 27.4M 24m45s
7208960K ........ ........ ........ ........ 15% 27.3M 24m44s
7241728K ........ ........ ........ ........ 15% 27.4M 24m43s
7274496K ........ ........ ........ ........ 15% 27.3M 24m41s
7307264K ........ ........ ........ ........ 15% 27.4M 24m40s
7340032K ........ ........ ........ ........ 15% 27.3M 24m39s
7372800K ........ ........ ........ ........ 15% 27.3M 24m37s
7405568K ........ ........ ........ ........ 15% 27.4M 24m36s
7438336K ........ ........ ........ ........ 15% 18.6M 24m37s
7471104K ........ ........ ........ ........ 15% 27.3M 24m36s
7503872K ........ ........ ........ ........ 15% 27.3M 24m34s
7536640K ........ ........ ........ ........ 15% 27.3M 24m33s
7569408K ........ ........ ........ ........ 15% 27.4M 24m32s
7602176K ........ ........ ........ ........ 16% 27.3M 24m30s
7634944K ........ ........ ........ ........ 16% 27.3M 24m29s
7667712K ........ ........ ........ ........ 16% 24.9M 24m28s
7700480K ........ ........ ........ ........ 16% 30.3M 24m26s
7733248K ........ ........ ........ ........ 16% 27.4M 24m25s
7766016K ........ ........ ........ ........ 16% 27.3M 24m23s
7798784K ........ ........ ........ ........ 16% 27.3M 24m22s
7831552K ........ ........ ........ ........ 16% 18.7M 24m23s
7864320K ........ ........ ........ ........ 16% 25.8M 24m22s
7897088K ........ ........ ........ ........ 16% 29.1M 24m21s
7929856K ........ ........ ........ ........ 16% 27.3M 24m19s
7962624K ........ ........ ........ ........ 16% 27.4M 24m18s
7995392K ........ ........ ........ ........ 16% 27.3M 24m16s
8028160K ........ ........ ........ ........ 16% 27.3M 24m15s
8060928K ........ ........ ........ ........ 17% 27.3M 24m14s
8093696K ........ ........ ........ ........ 17% 27.3M 24m12s
8126464K ........ ........ ........ ........ 17% 27.4M 24m11s
8159232K ........ ........ ........ ........ 17% 27.3M 24m10s
8192000K ........ ........ ........ ........ 17% 27.3M 24m8s
8224768K ........ ........ ........ ........ 17% 27.4M 24m7s
8257536K ........ ........ ........ ........ 17% 24.2M 24m6s
8290304K ........ ........ ........ ........ 17% 31.2M 24m4s
8323072K ........ ........ ........ ........ 17% 27.4M 24m3s
8355840K ........ ........ ........ ........ 17% 27.3M 24m1s
8388608K ........ ........ ........ ........ 17% 27.4M 24m0s
8421376K ........ ........ ........ ........ 17% 27.3M 23m59s
8454144K ........ ........ ........ ........ 17% 18.4M 24m0s
8486912K ........ ........ ........ ........ 17% 28.0M 23m58s
8519680K ........ ........ ........ ........ 17% 27.3M 23m57s
8552448K ........ ........ ........ ........ 18% 27.4M 23m56s
8585216K ........ ........ ........ ........ 18% 27.3M 23m54s
8617984K ........ ........ ........ ........ 18% 27.4M 23m53s
8650752K ........ ........ ........ ........ 18% 27.3M 23m52s
8683520K ........ ........ ........ ........ 18% 26.8M 23m50s
8716288K ........ ........ ........ ........ 18% 27.9M 23m49s
8749056K ........ ........ ........ ........ 18% 27.3M 23m47s
8781824K ........ ........ ........ ........ 18% 27.3M 23m46s
8814592K ........ ........ ........ ........ 18% 27.3M 23m45s
8847360K ........ ........ ........ ........ 18% 27.2M 23m43s
8880128K ........ ........ ........ ........ 18% 18.7M 23m44s
8912896K ........ ........ ........ ........ 18% 27.4M 23m43s
8945664K ........ ........ ........ ........ 18% 27.4M 23m42s
8978432K ........ ........ ........ ........ 18% 27.3M 23m40s
9011200K ........ ........ ........ ........ 19% 27.4M 23m39s
9043968K ........ ........ ........ ........ 19% 26.8M 23m38s
9076736K ........ ........ ........ ........ 19% 27.9M 23m36s
9109504K ........ ........ ........ ........ 19% 27.4M 23m35s
9142272K ........ ........ ........ ........ 19% 27.3M 23m33s
9175040K ........ ........ ........ ........ 19% 27.2M 23m32s
9207808K ........ ........ ........ ........ 19% 27.4M 23m31s
9240576K ........ ........ ........ ........ 19% 18.7M 23m32s
9273344K ........ ........ ........ ........ 19% 27.3M 23m30s
9306112K ........ ........ ........ ........ 19% 27.3M 23m29s
9338880K ........ ........ ........ ........ 19% 27.0M 23m28s
9371648K ........ ........ ........ ........ 19% 27.6M 23m26s
9404416K ........ ........ ........ ........ 19% 27.2M 23m25s
9437184K ........ ........ ........ ........ 19% 27.5M 23m24s
9469952K ........ ........ ........ ........ 19% 27.3M 23m22s
9502720K ........ ........ ........ ........ 20% 27.3M 23m21s
9535488K ........ ........ ........ ........ 20% 27.4M 23m19s
9568256K ........ ........ ........ ........ 20% 27.2M 23m18s
9601024K ........ ........ ........ ........ 20% 27.4M 23m17s
9633792K ........ ........ ........ ........ 20% 26.2M 23m16s
9666560K ........ ........ ........ ........ 20% 28.7M 23m14s
9699328K ........ ........ ........ ........ 20% 27.4M 23m13s
9732096K ........ ........ ........ ........ 20% 27.2M 23m11s
9764864K ........ ........ ........ ........ 20% 19.1M 23m12s
9797632K ........ ........ ........ ........ 20% 26.7M 23m11s
9830400K ........ ........ ........ ........ 20% 27.7M 23m9s
9863168K ........ ........ ........ ........ 20% 23.1M 23m9s
9895936K ........ ........ ........ ........ 20% 33.0M 23m7s
9928704K ........ ........ ........ ........ 20% 26.4M 23m6s
9961472K ........ ........ ........ ........ 21% 28.2M 23m4s
9994240K ........ ........ ........ ........ 21% 27.7M 23m3s
10027008K ........ ........ ........ ........ 21% 23.7M 23m2s
10059776K ........ ........ ........ ........ 21% 25.6M 23m1s
10092544K ........ ........ ........ ........ 21% 26.4M 23m0s
10125312K ........ ........ ........ ........ 21% 28.4M 22m58s
10158080K ........ ........ ........ ........ 21% 27.3M 22m57s
10190848K ........ ........ ........ ........ 21% 27.3M 22m56s
10223616K ........ ........ ........ ........ 21% 26.3M 22m54s
10256384K ........ ........ ........ ........ 21% 28.4M 22m53s
10289152K ........ ........ ........ ........ 21% 27.3M 22m52s
10321920K ........ ........ ........ ........ 21% 18.6M 22m52s
10354688K ........ ........ ........ ........ 21% 27.3M 22m51s
10387456K ........ ........ ........ ........ 21% 27.3M 22m50s
10420224K ........ ........ ........ ........ 21% 27.3M 22m48s
10452992K ........ ........ ........ ........ 22% 27.3M 22m47s
10485760K ........ ........ ........ ........ 22% 27.3M 22m46s
10518528K ........ ........ ........ ........ 22% 26.5M 22m44s
10551296K ........ ........ ........ ........ 22% 28.1M 22m43s
10584064K ........ ........ ........ ........ 22% 27.5M 22m42s
10616832K ........ ........ ........ ........ 22% 27.4M 22m40s
10649600K ........ ........ ........ ........ 22% 27.3M 22m39s
10682368K ........ ........ ........ ........ 22% 27.3M 22m38s
10715136K ........ ........ ........ ........ 22% 27.3M 22m36s
10747904K ........ ........ ........ ........ 22% 27.4M 22m35s
10780672K ........ ........ ........ ........ 22% 27.3M 22m34s
10813440K ........ ........ ........ ........ 22% 27.3M 22m32s
10846208K ........ ........ ........ ........ 22% 27.3M 22m31s
10878976K ........ ........ ........ ........ 22% 27.3M 22m30s
10911744K ........ ........ ........ ........ 22% 18.7M 22m30s
10944512K ........ ........ ........ ........ 23% 27.3M 22m29s
10977280K ........ ........ ........ ........ 23% 27.3M 22m27s
11010048K ........ ........ ........ ........ 23% 27.4M 22m26s
11042816K ........ ........ ........ ........ 23% 27.3M 22m25s
11075584K ........ ........ ........ ........ 23% 27.3M 22m23s
11108352K ........ ........ ........ ........ 23% 25.6M 22m22s
11141120K ........ ........ ........ ........ 23% 29.3M 22m21s
11173888K ........ ........ ........ ........ 23% 27.4M 22m19s
11206656K ........ ........ ........ ........ 23% 27.3M 22m18s
11239424K ........ ........ ........ ........ 23% 16.8M 22m19s
11272192K ........ ........ ........ ........ 23% 32.6M 22m17s
11304960K ........ ........ ........ ........ 23% 27.4M 22m16s
11337728K ........ ........ ........ ........ 23% 27.3M 22m15s
11370496K ........ ........ ........ ........ 23% 27.3M 22m13s
11403264K ........ ........ ........ ........ 24% 27.4M 22m12s
11436032K ........ ........ ........ ........ 24% 27.3M 22m11s
11468800K ........ ........ ........ ........ 24% 27.4M 22m9s
11501568K ........ ........ ........ ........ 24% 27.3M 22m8s
11534336K ........ ........ ........ ........ 24% 27.3M 22m7s
11567104K ........ ........ ........ ........ 24% 27.4M 22m5s
11599872K ........ ........ ........ ........ 24% 27.4M 22m4s
11632640K ........ ........ ........ ........ 24% 27.3M 22m3s
11665408K ........ ........ ........ ........ 24% 27.3M 22m1s
11698176K ........ ........ ........ ........ 24% 27.3M 22m0s
11730944K ........ ........ ........ ........ 24% 27.4M 21m59s
11763712K ........ ........ ........ ........ 24% 18.9M 21m59s
11796480K ........ ........ ........ ........ 24% 27.0M 21m58s
11829248K ........ ........ ........ ........ 24% 27.5M 21m56s
11862016K ........ ........ ........ ........ 24% 27.7M 21m55s
11894784K ........ ........ ........ ........ 25% 26.9M 21m54s
11927552K ........ ........ ........ ........ 25% 27.6M 21m52s
11960320K ........ ........ ........ ........ 25% 26.8M 21m51s
11993088K ........ ........ ........ ........ 25% 27.4M 21m50s
12025856K ........ ........ ........ ........ 25% 27.3M 21m49s
12058624K ........ ........ ........ ........ 25% 26.8M 21m47s
12091392K ........ ........ ........ ........ 25% 27.5M 21m46s
12124160K ........ ........ ........ ........ 25% 18.6M 21m46s
12156928K ........ ........ ........ ........ 25% 27.2M 21m45s
12189696K ........ ........ ........ ........ 25% 27.2M 21m44s
12222464K ........ ........ ........ ........ 25% 27.2M 21m42s
12255232K ........ ........ ........ ........ 25% 27.1M 21m41s
12288000K ........ ........ ........ ........ 25% 27.2M 21m40s
12320768K ........ ........ ........ ........ 25% 27.2M 21m39s
12353536K ........ ........ ........ ........ 26% 27.2M 21m37s
12386304K ........ ........ ........ ........ 26% 27.2M 21m36s
12419072K ........ ........ ........ ........ 26% 27.2M 21m35s
12451840K ........ ........ ........ ........ 26% 27.2M 21m33s
12484608K ........ ........ ........ ........ 26% 18.6M 21m34s
12517376K ........ ........ ........ ........ 26% 27.2M 21m32s
12550144K ........ ........ ........ ........ 26% 26.5M 21m31s
12582912K ........ ........ ........ ........ 26% 27.5M 21m30s
12615680K ........ ........ ........ ........ 26% 26.7M 21m29s
12648448K ........ ........ ........ ........ 26% 27.4M 21m27s
12681216K ........ ........ ........ ........ 26% 27.4M 21m26s
12713984K ........ ........ ........ ........ 26% 26.8M 21m25s
12746752K ........ ........ ........ ........ 26% 27.5M 21m23s
12779520K ........ ........ ........ ........ 26% 23.9M 21m22s
12812288K ........ ........ ........ ........ 26% 31.3M 21m21s
12845056K ........ ........ ........ ........ 27% 27.3M 21m19s
12877824K ........ ........ ........ ........ 27% 26.9M 21m18s
12910592K ........ ........ ........ ........ 27% 27.5M 21m17s
12943360K ........ ........ ........ ........ 27% 18.6M 21m17s
12976128K ........ ........ ........ ........ 27% 26.9M 21m16s
13008896K ........ ........ ........ ........ 27% 27.5M 21m14s
13041664K ........ ........ ........ ........ 27% 27.2M 21m13s
13074432K ........ ........ ........ ........ 27% 27.2M 21m12s
13107200K ........ ........ ........ ........ 27% 27.2M 21m11s
13139968K ........ ........ ........ ........ 27% 27.2M 21m9s
13172736K ........ ........ ........ ........ 27% 27.2M 21m8s
13205504K ........ ........ ........ ........ 27% 27.2M 21m7s
13238272K ........ ........ ........ ........ 27% 27.1M 21m5s
13271040K ........ ........ ........ ........ 27% 18.6M 21m5s
13303808K ........ ........ ........ ........ 28% 27.4M 21m4s
13336576K ........ ........ ........ ........ 28% 26.7M 21m3s
13369344K ........ ........ ........ ........ 28% 27.5M 21m2s
13402112K ........ ........ ........ ........ 28% 22.0M 21m1s
13434880K ........ ........ ........ ........ 28% 35.3M 20m59s
13467648K ........ ........ ........ ........ 28% 27.5M 20m58s
13500416K ........ ........ ........ ........ 28% 26.8M 20m56s
13533184K ........ ........ ........ ........ 28% 27.4M 20m55s
13565952K ........ ........ ........ ........ 28% 27.5M 20m54s
13598720K ........ ........ ........ ........ 28% 26.8M 20m53s
13631488K ........ ........ ........ ........ 28% 27.5M 20m51s
13664256K ........ ........ ........ ........ 28% 26.8M 20m50s
13697024K ........ ........ ........ ........ 28% 23.7M 20m49s
13729792K ........ ........ ........ ........ 28% 32.6M 20m47s
13762560K ........ ........ ........ ........ 28% 26.7M 20m46s
13795328K ........ ........ ........ ........ 29% 27.5M 20m45s
13828096K ........ ........ ........ ........ 29% 26.8M 20m44s
13860864K ........ ........ ........ ........ 29% 27.4M 20m42s
13893632K ........ ........ ........ ........ 29% 27.4M 20m41s
13926400K ........ ........ ........ ........ 29% 26.8M 20m40s
13959168K ........ ........ ........ ........ 29% 27.4M 20m38s
13991936K ........ ........ ........ ........ 29% 26.8M 20m37s
14024704K ........ ........ ........ ........ 29% 27.4M 20m36s
14057472K ........ ........ ........ ........ 29% 27.4M 20m35s
14090240K ........ ........ ........ ........ 29% 26.8M 20m33s
14123008K ........ ........ ........ ........ 29% 27.4M 20m32s
14155776K ........ ........ ........ ........ 29% 18.4M 20m32s
14188544K ........ ........ ........ ........ 29% 27.2M 20m31s
14221312K ........ ........ ........ ........ 29% 27.2M 20m30s
14254080K ........ ........ ........ ........ 30% 27.1M 20m28s
14286848K ........ ........ ........ ........ 30% 27.2M 20m27s
14319616K ........ ........ ........ ........ 30% 27.1M 20m26s
14352384K ........ ........ ........ ........ 30% 27.2M 20m24s
14385152K ........ ........ ........ ........ 30% 27.2M 20m23s
14417920K ........ ........ ........ ........ 30% 27.2M 20m22s
14450688K ........ ........ ........ ........ 30% 27.2M 20m21s
14483456K ........ ........ ........ ........ 30% 27.2M 20m19s
14516224K ........ ........ ........ ........ 30% 27.1M 20m18s
14548992K ........ ........ ........ ........ 30% 27.1M 20m17s
14581760K ........ ........ ........ ........ 30% 27.2M 20m15s
14614528K ........ ........ ........ ........ 30% 18.6M 20m15s
14647296K ........ ........ ........ ........ 30% 27.2M 20m14s
14680064K ........ ........ ........ ........ 30% 27.2M 20m13s
14712832K ........ ........ ........ ........ 30% 27.1M 20m12s
14745600K ........ ........ ........ ........ 31% 27.2M 20m10s
14778368K ........ ........ ........ ........ 31% 27.1M 20m9s
14811136K ........ ........ ........ ........ 31% 27.2M 20m8s
14843904K ........ ........ ........ ........ 31% 27.2M 20m6s
14876672K ........ ........ ........ ........ 31% 26.8M 20m5s
14909440K ........ ........ ........ ........ 31% 27.5M 20m4s
14942208K ........ ........ ........ ........ 31% 27.1M 20m3s
14974976K ........ ........ ........ ........ 31% 27.2M 20m1s
15007744K ........ ........ ........ ........ 31% 26.2M 20m0s
15040512K ........ ........ ........ ........ 31% 28.2M 19m59s
15073280K ........ ........ ........ ........ 31% 27.2M 19m58s
15106048K ........ ........ ........ ........ 31% 18.6M 19m57s
15138816K ........ ........ ........ ........ 31% 27.2M 19m56s
15171584K ........ ........ ........ ........ 31% 27.2M 19m55s
15204352K ........ ........ ........ ........ 32% 27.2M 19m54s
15237120K ........ ........ ........ ........ 32% 27.2M 19m52s
15269888K ........ ........ ........ ........ 32% 23.8M 19m51s
15302656K ........ ........ ........ ........ 32% 31.8M 19m50s
15335424K ........ ........ ........ ........ 32% 27.1M 19m49s
15368192K ........ ........ ........ ........ 32% 27.2M 19m47s
15400960K ........ ........ ........ ........ 32% 27.2M 19m46s
15433728K ........ ........ ........ ........ 32% 18.6M 19m46s
15466496K ........ ........ ........ ........ 32% 26.7M 19m45s
15499264K ........ ........ ........ ........ 32% 23.2M 19m44s
15532032K ........ ........ ........ ........ 32% 21.2M 19m43s
15564800K ........ ........ ........ ........ 32% 19.5M 19m43s
15597568K ........ ........ ........ ........ 32% 20.0M 19m42s
15630336K ........ ........ ........ ........ 32% 21.6M 19m42s
15663104K ........ ........ ........ ........ 32% 16.8M 19m42s
15695872K ........ ........ ........ ........ 33% 25.5M 19m41s
15728640K ........ ........ ........ ........ 33% 26.7M 19m40s
15761408K ........ ........ ........ ........ 33% 27.1M 19m38s
15794176K ........ ........ ........ ........ 33% 27.2M 19m37s
15826944K ........ ........ ........ ........ 33% 23.4M 19m36s
15859712K ........ ........ ........ ........ 33% 32.1M 19m34s
15892480K ........ ........ ........ ........ 33% 27.3M 19m33s
15925248K ........ ........ ........ ........ 33% 27.0M 19m32s
15958016K ........ ........ ........ ........ 33% 24.1M 19m31s
15990784K ........ ........ ........ ........ 33% 31.4M 19m29s
16023552K ........ ........ ........ ........ 33% 27.0M 19m28s
16056320K ........ ........ ........ ........ 33% 27.3M 19m27s
16089088K ........ ........ ........ ........ 33% 18.8M 19m26s
16121856K ........ ........ ........ ........ 33% 26.7M 19m25s
16154624K ........ ........ ........ ........ 34% 27.5M 19m24s
16187392K ........ ........ ........ ........ 34% 27.5M 19m23s
16220160K ........ ........ ........ ........ 34% 26.7M 19m21s
16252928K ........ ........ ........ ........ 34% 27.4M 19m20s
16285696K ........ ........ ........ ........ 34% 26.8M 19m19s
16318464K ........ ........ ........ ........ 34% 27.5M 19m17s
16351232K ........ ........ ........ ........ 34% 26.9M 19m16s
16384000K ........ ........ ........ ........ 34% 27.3M 19m15s
16416768K ........ ........ ........ ........ 34% 27.5M 19m14s
16449536K ........ ........ ........ ........ 34% 26.8M 19m12s
16482304K ........ ........ ........ ........ 34% 27.4M 19m11s
16515072K ........ ........ ........ ........ 34% 26.9M 19m10s
16547840K ........ ........ ........ ........ 34% 18.6M 19m9s
16580608K ........ ........ ........ ........ 34% 22.2M 19m9s
16613376K ........ ........ ........ ........ 34% 27.2M 19m7s
16646144K ........ ........ ........ ........ 35% 27.2M 19m6s
16678912K ........ ........ ........ ........ 35% 27.1M 19m5s
16711680K ........ ........ ........ ........ 35% 27.2M 19m4s
16744448K ........ ........ ........ ........ 35% 27.1M 19m2s
16777216K ........ ........ ........ ........ 35% 27.1M 19m1s
16809984K ........ ........ ........ ........ 35% 27.0M 19m0s
16842752K ........ ........ ........ ........ 35% 27.2M 18m58s
16875520K ........ ........ ........ ........ 35% 18.5M 18m58s
16908288K ........ ........ ........ ........ 35% 27.1M 18m57s
16941056K ........ ........ ........ ........ 35% 27.2M 18m56s
16973824K ........ ........ ........ ........ 35% 27.2M 18m54s
17006592K ........ ........ ........ ........ 35% 27.1M 18m53s
17039360K ........ ........ ........ ........ 35% 27.2M 18m52s
17072128K ........ ........ ........ ........ 35% 27.1M 18m50s
17104896K ........ ........ ........ ........ 36% 27.2M 18m49s
17137664K ........ ........ ........ ........ 36% 27.2M 18m48s
17170432K ........ ........ ........ ........ 36% 27.2M 18m47s
17203200K ........ ........ ........ ........ 36% 27.2M 18m45s
17235968K ........ ........ ........ ........ 36% 27.1M 18m44s
17268736K ........ ........ ........ ........ 36% 27.2M 18m43s
17301504K ........ ........ ........ ........ 36% 27.2M 18m41s
17334272K ........ ........ ........ ........ 36% 27.1M 18m40s
17367040K ........ ........ ........ ........ 36% 27.1M 18m39s
17399808K ........ ........ ........ ........ 36% 27.2M 18m38s
17432576K ........ ........ ........ ........ 36% 25.0M 18m37s
17465344K ........ ........ ........ ........ 36% 29.9M 18m35s
17498112K ........ ........ ........ ........ 36% 27.1M 18m34s
17530880K ........ ........ ........ ........ 36% 27.1M 18m33s
17563648K ........ ........ ........ ........ 36% 27.1M 18m31s
17596416K ........ ........ ........ ........ 37% 27.4M 18m30s
17629184K ........ ........ ........ ........ 37% 27.2M 18m29s
17661952K ........ ........ ........ ........ 37% 27.0M 18m27s
17694720K ........ ........ ........ ........ 37% 27.3M 18m26s
17727488K ........ ........ ........ ........ 37% 27.1M 18m25s
17760256K ........ ........ ........ ........ 37% 27.1M 18m24s
17793024K ........ ........ ........ ........ 37% 27.4M 18m22s
17825792K ........ ........ ........ ........ 37% 18.8M 18m22s
17858560K ........ ........ ........ ........ 37% 26.7M 18m21s
17891328K ........ ........ ........ ........ 37% 27.5M 18m19s
17924096K ........ ........ ........ ........ 37% 26.7M 18m18s
17956864K ........ ........ ........ ........ 37% 27.5M 18m17s
17989632K ........ ........ ........ ........ 37% 27.4M 18m16s
18022400K ........ ........ ........ ........ 37% 26.7M 18m14s
18055168K ........ ........ ........ ........ 38% 27.4M 18m13s
18087936K ........ ........ ........ ........ 38% 26.8M 18m12s
18120704K ........ ........ ........ ........ 38% 27.4M 18m10s
18153472K ........ ........ ........ ........ 38% 27.4M 18m9s
18186240K ........ ........ ........ ........ 38% 26.9M 18m8s
18219008K ........ ........ ........ ........ 38% 27.3M 18m7s
18251776K ........ ........ ........ ........ 38% 26.9M 18m5s
18284544K ........ ........ ........ ........ 38% 27.2M 18m4s
18317312K ........ ........ ........ ........ 38% 23.9M 18m3s
18350080K ........ ........ ........ ........ 38% 31.4M 18m2s
18382848K ........ ........ ........ ........ 38% 27.2M 18m0s
18415616K ........ ........ ........ ........ 38% 24.9M 17m59s
18448384K ........ ........ ........ ........ 38% 29.8M 17m58s
18481152K ........ ........ ........ ........ 38% 27.4M 17m56s
18513920K ........ ........ ........ ........ 38% 26.9M 17m55s
18546688K ........ ........ ........ ........ 39% 27.4M 17m54s
18579456K ........ ........ ........ ........ 39% 27.0M 17m53s
18612224K ........ ........ ........ ........ 39% 18.1M 17m52s
18644992K ........ ........ ........ ........ 39% 28.2M 17m51s
18677760K ........ ........ ........ ........ 39% 27.2M 17m50s
18710528K ........ ........ ........ ........ 39% 27.2M 17m48s
18743296K ........ ........ ........ ........ 39% 27.2M 17m47s
18776064K ........ ........ ........ ........ 39% 27.2M 17m46s
18808832K ........ ........ ........ ........ 39% 27.1M 17m45s
18841600K ........ ........ ........ ........ 39% 26.5M 17m43s
18874368K ........ ........ ........ ........ 39% 26.8M 17m42s
18907136K ........ ........ ........ ........ 39% 26.7M 17m41s
18939904K ........ ........ ........ ........ 39% 26.3M 17m40s
18972672K ........ ........ ........ ........ 39% 27.3M 17m38s
19005440K ........ ........ ........ ........ 40% 27.3M 17m37s
19038208K ........ ........ ........ ........ 40% 26.9M 17m36s
19070976K ........ ........ ........ ........ 40% 27.2M 17m35s
19103744K ........ ........ ........ ........ 40% 18.5M 17m34s
19136512K ........ ........ ........ ........ 40% 27.3M 17m33s
19169280K ........ ........ ........ ........ 40% 27.2M 17m32s
19202048K ........ ........ ........ ........ 40% 27.2M 17m30s
19234816K ........ ........ ........ ........ 40% 25.1M 17m29s
19267584K ........ ........ ........ ........ 40% 29.6M 17m28s
19300352K ........ ........ ........ ........ 40% 26.3M 17m27s
19333120K ........ ........ ........ ........ 40% 28.2M 17m25s
19365888K ........ ........ ........ ........ 40% 27.1M 17m24s
19398656K ........ ........ ........ ........ 40% 27.2M 17m23s
19431424K ........ ........ ........ ........ 40% 27.3M 17m22s
19464192K ........ ........ ........ ........ 40% 24.3M 17m20s
19496960K ........ ........ ........ ........ 41% 30.9M 17m19s
19529728K ........ ........ ........ ........ 41% 27.1M 17m18s
19562496K ........ ........ ........ ........ 41% 27.2M 17m16s
19595264K ........ ........ ........ ........ 41% 18.5M 17m16s
19628032K ........ ........ ........ ........ 41% 27.2M 17m15s
19660800K ........ ........ ........ ........ 41% 27.2M 17m13s
19693568K ........ ........ ........ ........ 41% 27.1M 17m12s
19726336K ........ ........ ........ ........ 41% 27.2M 17m11s
19759104K ........ ........ ........ ........ 41% 27.2M 17m10s
19791872K ........ ........ ........ ........ 41% 27.2M 17m8s
19824640K ........ ........ ........ ........ 41% 27.2M 17m7s
19857408K ........ ........ ........ ........ 41% 27.0M 17m6s
19890176K ........ ........ ........ ........ 41% 27.3M 17m5s
19922944K ........ ........ ........ ........ 41% 27.2M 17m3s
19955712K ........ ........ ........ ........ 42% 27.0M 17m2s
19988480K ........ ........ ........ ........ 42% 25.3M 17m1s
20021248K ........ ........ ........ ........ 42% 29.4M 17m0s
20054016K ........ ........ ........ ........ 42% 27.2M 16m58s
20086784K ........ ........ ........ ........ 42% 27.3M 16m57s
20119552K ........ ........ ........ ........ 42% 27.0M 16m56s
20152320K ........ ........ ........ ........ 42% 27.3M 16m55s
20185088K ........ ........ ........ ........ 42% 27.0M 16m53s
20217856K ........ ........ ........ ........ 42% 27.3M 16m52s
20250624K ........ ........ ........ ........ 42% 27.3M 16m51s
20283392K ........ ........ ........ ........ 42% 27.0M 16m49s
20316160K ........ ........ ........ ........ 42% 27.4M 16m48s
20348928K ........ ........ ........ ........ 42% 18.5M 16m48s
20381696K ........ ........ ........ ........ 42% 23.8M 16m47s
20414464K ........ ........ ........ ........ 42% 31.8M 16m45s
20447232K ........ ........ ........ ........ 43% 27.1M 16m44s
20480000K ........ ........ ........ ........ 43% 27.2M 16m43s
20512768K ........ ........ ........ ........ 43% 27.2M 16m41s
20545536K ........ ........ ........ ........ 43% 27.1M 16m40s
20578304K ........ ........ ........ ........ 43% 27.2M 16m39s
20611072K ........ ........ ........ ........ 43% 27.1M 16m38s
20643840K ........ ........ ........ ........ 43% 25.9M 16m36s
20676608K ........ ........ ........ ........ 43% 28.7M 16m35s
20709376K ........ ........ ........ ........ 43% 27.2M 16m34s
20742144K ........ ........ ........ ........ 43% 27.2M 16m33s
20774912K ........ ........ ........ ........ 43% 27.0M 16m31s
20807680K ........ ........ ........ ........ 43% 27.3M 16m30s
20840448K ........ ........ ........ ........ 43% 27.0M 16m29s
20873216K ........ ........ ........ ........ 43% 27.2M 16m28s
20905984K ........ ........ ........ ........ 44% 18.6M 16m27s
20938752K ........ ........ ........ ........ 44% 27.2M 16m26s
20971520K ........ ........ ........ ........ 44% 27.2M 16m24s
21004288K ........ ........ ........ ........ 44% 27.2M 16m23s
21037056K ........ ........ ........ ........ 44% 27.2M 16m22s
21069824K ........ ........ ........ ........ 44% 27.1M 16m21s
21102592K ........ ........ ........ ........ 44% 27.2M 16m19s
21135360K ........ ........ ........ ........ 44% 27.2M 16m18s
21168128K ........ ........ ........ ........ 44% 27.2M 16m17s
21200896K ........ ........ ........ ........ 44% 27.2M 16m16s
21233664K ........ ........ ........ ........ 44% 18.6M 16m15s
21266432K ........ ........ ........ ........ 44% 27.2M 16m14s
21299200K ........ ........ ........ ........ 44% 27.2M 16m13s
21331968K ........ ........ ........ ........ 44% 27.1M 16m11s
21364736K ........ ........ ........ ........ 44% 27.2M 16m10s
21397504K ........ ........ ........ ........ 45% 27.2M 16m9s
21430272K ........ ........ ........ ........ 45% 27.2M 16m8s
21463040K ........ ........ ........ ........ 45% 27.2M 16m6s
21495808K ........ ........ ........ ........ 45% 27.2M 16m5s
21528576K ........ ........ ........ ........ 45% 27.1M 16m4s
21561344K ........ ........ ........ ........ 45% 27.3M 16m2s
21594112K ........ ........ ........ ........ 45% 27.2M 16m1s
21626880K ........ ........ ........ ........ 45% 26.9M 16m0s
21659648K ........ ........ ........ ........ 45% 27.4M 15m59s
21692416K ........ ........ ........ ........ 45% 26.8M 15m57s
21725184K ........ ........ ........ ........ 45% 27.5M 15m56s
21757952K ........ ........ ........ ........ 45% 27.1M 15m55s
21790720K ........ ........ ........ ........ 45% 27.1M 15m54s
21823488K ........ ........ ........ ........ 45% 27.4M 15m52s
21856256K ........ ........ ........ ........ 45% 26.8M 15m51s
21889024K ........ ........ ........ ........ 46% 27.5M 15m50s
21921792K ........ ........ ........ ........ 46% 26.9M 15m49s
21954560K ........ ........ ........ ........ 46% 18.6M 15m48s
21987328K ........ ........ ........ ........ 46% 27.2M 15m47s
22020096K ........ ........ ........ ........ 46% 27.2M 15m46s
22052864K ........ ........ ........ ........ 46% 27.2M 15m44s
22085632K ........ ........ ........ ........ 46% 27.2M 15m43s
22118400K ........ ........ ........ ........ 46% 27.2M 15m42s
22151168K ........ ........ ........ ........ 46% 27.2M 15m41s
22183936K ........ ........ ........ ........ 46% 27.2M 15m39s
22216704K ........ ........ ........ ........ 46% 27.1M 15m38s
22249472K ........ ........ ........ ........ 46% 27.2M 15m37s
22282240K ........ ........ ........ ........ 46% 27.1M 15m36s
22315008K ........ ........ ........ ........ 46% 27.2M 15m34s
22347776K ........ ........ ........ ........ 47% 27.2M 15m33s
22380544K ........ ........ ........ ........ 47% 18.5M 15m32s
22413312K ........ ........ ........ ........ 47% 27.2M 15m31s
22446080K ........ ........ ........ ........ 47% 27.2M 15m30s
22478848K ........ ........ ........ ........ 47% 27.2M 15m29s
22511616K ........ ........ ........ ........ 47% 27.2M 15m27s
22544384K ........ ........ ........ ........ 47% 27.1M 15m26s
22577152K ........ ........ ........ ........ 47% 27.2M 15m25s
22609920K ........ ........ ........ ........ 47% 27.2M 15m24s
22642688K ........ ........ ........ ........ 47% 27.2M 15m22s
22675456K ........ ........ ........ ........ 47% 27.2M 15m21s
22708224K ........ ........ ........ ........ 47% 26.7M 15m20s
22740992K ........ ........ ........ ........ 47% 27.7M 15m19s
22773760K ........ ........ ........ ........ 47% 27.1M 15m17s
22806528K ........ ........ ........ ........ 47% 27.1M 15m16s
22839296K ........ ........ ........ ........ 48% 27.2M 15m15s
22872064K ........ ........ ........ ........ 48% 27.2M 15m14s
22904832K ........ ........ ........ ........ 48% 18.5M 15m13s
22937600K ........ ........ ........ ........ 48% 27.2M 15m12s
22970368K ........ ........ ........ ........ 48% 24.2M 15m11s
23003136K ........ ........ ........ ........ 48% 31.0M 15m9s
23035904K ........ ........ ........ ........ 48% 27.2M 15m8s
23068672K ........ ........ ........ ........ 48% 27.2M 15m7s
23101440K ........ ........ ........ ........ 48% 27.1M 15m5s
23134208K ........ ........ ........ ........ 48% 27.2M 15m4s
23166976K ........ ........ ........ ........ 48% 27.2M 15m3s
23199744K ........ ........ ........ ........ 48% 27.2M 15m2s
23232512K ........ ........ ........ ........ 48% 27.2M 15m0s
23265280K ........ ........ ........ ........ 48% 27.1M 14m59s
23298048K ........ ........ ........ ........ 49% 27.3M 14m58s
23330816K ........ ........ ........ ........ 49% 27.1M 14m57s
23363584K ........ ........ ........ ........ 49% 27.2M 14m55s
23396352K ........ ........ ........ ........ 49% 27.2M 14m54s
23429120K ........ ........ ........ ........ 49% 24.3M 14m53s
23461888K ........ ........ ........ ........ 49% 30.8M 14m52s
23494656K ........ ........ ........ ........ 49% 27.2M 14m50s
23527424K ........ ........ ........ ........ 49% 18.6M 14m50s
23560192K ........ ........ ........ ........ 49% 27.5M 14m48s
23592960K ........ ........ ........ ........ 49% 26.7M 14m47s
23625728K ........ ........ ........ ........ 49% 27.5M 14m46s
23658496K ........ ........ ........ ........ 49% 27.5M 14m45s
23691264K ........ ........ ........ ........ 49% 26.7M 14m43s
23724032K ........ ........ ........ ........ 49% 27.5M 14m42s
23756800K ........ ........ ........ ........ 49% 26.8M 14m41s
23789568K ........ ........ ........ ........ 50% 27.4M 14m40s
23822336K ........ ........ ........ ........ 50% 27.5M 14m38s
23855104K ........ ........ ........ ........ 50% 26.7M 14m37s
23887872K ........ ........ ........ ........ 50% 18.7M 14m37s
23920640K ........ ........ ........ ........ 50% 27.1M 14m35s
23953408K ........ ........ ........ ........ 50% 27.1M 14m34s
23986176K ........ ........ ........ ........ 50% 27.3M 14m33s
24018944K ........ ........ ........ ........ 50% 27.1M 14m32s
24051712K ........ ........ ........ ........ 50% 27.2M 14m30s
24084480K ........ ........ ........ ........ 50% 27.2M 14m29s
24117248K ........ ........ ........ ........ 50% 27.1M 14m28s
24150016K ........ ........ ........ ........ 50% 27.2M 14m27s
24182784K ........ ........ ........ ........ 50% 27.2M 14m25s
24215552K ........ ........ ........ ........ 50% 27.2M 14m24s
24248320K ........ ........ ........ ........ 51% 27.2M 14m23s
24281088K ........ ........ ........ ........ 51% 27.2M 14m22s
24313856K ........ ........ ........ ........ 51% 27.2M 14m20s
24346624K ........ ........ ........ ........ 51% 27.1M 14m19s
24379392K ........ ........ ........ ........ 51% 27.2M 14m18s
24412160K ........ ........ ........ ........ 51% 27.2M 14m17s
24444928K ........ ........ ........ ........ 51% 27.1M 14m15s
24477696K ........ ........ ........ ........ 51% 27.2M 14m14s
24510464K ........ ........ ........ ........ 51% 27.1M 14m13s
24543232K ........ ........ ........ ........ 51% 27.2M 14m12s
24576000K ........ ........ ........ ........ 51% 27.1M 14m10s
24608768K ........ ........ ........ ........ 51% 23.7M 14m9s
24641536K ........ ........ ........ ........ 51% 32.0M 14m8s
24674304K ........ ........ ........ ........ 51% 24.2M 14m7s
24707072K ........ ........ ........ ........ 51% 30.9M 14m5s
24739840K ........ ........ ........ ........ 52% 27.2M 14m4s
24772608K ........ ........ ........ ........ 52% 18.6M 14m3s
24805376K ........ ........ ........ ........ 52% 27.2M 14m2s
24838144K ........ ........ ........ ........ 52% 27.1M 14m1s
24870912K ........ ........ ........ ........ 52% 27.3M 14m0s
24903680K ........ ........ ........ ........ 52% 27.1M 13m58s
24936448K ........ ........ ........ ........ 52% 27.2M 13m57s
24969216K ........ ........ ........ ........ 52% 27.2M 13m56s
25001984K ........ ........ ........ ........ 52% 27.0M 13m55s
25034752K ........ ........ ........ ........ 52% 27.3M 13m53s
25067520K ........ ........ ........ ........ 52% 27.2M 13m52s
25100288K ........ ........ ........ ........ 52% 25.1M 13m51s
25133056K ........ ........ ........ ........ 52% 29.6M 13m50s
25165824K ........ ........ ........ ........ 52% 27.1M 13m48s
25198592K ........ ........ ........ ........ 53% 27.3M 13m47s
25231360K ........ ........ ........ ........ 53% 25.7M 13m46s
25264128K ........ ........ ........ ........ 53% 28.8M 13m45s
25296896K ........ ........ ........ ........ 53% 27.2M 13m43s
25329664K ........ ........ ........ ........ 53% 27.1M 13m42s
25362432K ........ ........ ........ ........ 53% 27.3M 13m41s
25395200K ........ ........ ........ ........ 53% 27.2M 13m40s
25427968K ........ ........ ........ ........ 53% 27.1M 13m38s
25460736K ........ ........ ........ ........ 53% 27.2M 13m37s
25493504K ........ ........ ........ ........ 53% 18.5M 13m36s
25526272K ........ ........ ........ ........ 53% 23.8M 13m35s
25559040K ........ ........ ........ ........ 53% 31.7M 13m34s
25591808K ........ ........ ........ ........ 53% 27.2M 13m33s
25624576K ........ ........ ........ ........ 53% 27.2M 13m31s
25657344K ........ ........ ........ ........ 53% 27.1M 13m30s
25690112K ........ ........ ........ ........ 54% 27.2M 13m29s
25722880K ........ ........ ........ ........ 54% 27.2M 13m28s
25755648K ........ ........ ........ ........ 54% 27.1M 13m27s
25788416K ........ ........ ........ ........ 54% 27.2M 13m25s
25821184K ........ ........ ........ ........ 54% 27.1M 13m24s
25853952K ........ ........ ........ ........ 54% 27.2M 13m23s
25886720K ........ ........ ........ ........ 54% 27.2M 13m22s
25919488K ........ ........ ........ ........ 54% 27.1M 13m20s
25952256K ........ ........ ........ ........ 54% 27.2M 13m19s
25985024K ........ ........ ........ ........ 54% 18.6M 13m18s
26017792K ........ ........ ........ ........ 54% 27.1M 13m17s
26050560K ........ ........ ........ ........ 54% 24.8M 13m16s
26083328K ........ ........ ........ ........ 54% 30.2M 13m15s
26116096K ........ ........ ........ ........ 54% 27.1M 13m13s
26148864K ........ ........ ........ ........ 55% 27.2M 13m12s
26181632K ........ ........ ........ ........ 55% 27.1M 13m11s
26214400K ........ ........ ........ ........ 55% 27.2M 13m10s
26247168K ........ ........ ........ ........ 55% 27.2M 13m8s
26279936K ........ ........ ........ ........ 55% 27.1M 13m7s
26312704K ........ ........ ........ ........ 55% 18.6M 13m6s
26345472K ........ ........ ........ ........ 55% 27.2M 13m5s
26378240K ........ ........ ........ ........ 55% 27.2M 13m4s
26411008K ........ ........ ........ ........ 55% 27.2M 13m3s
26443776K ........ ........ ........ ........ 55% 27.2M 13m1s
26476544K ........ ........ ........ ........ 55% 27.1M 13m0s
26509312K ........ ........ ........ ........ 55% 27.2M 12m59s
26542080K ........ ........ ........ ........ 55% 27.2M 12m58s
26574848K ........ ........ ........ ........ 55% 27.2M 12m56s
26607616K ........ ........ ........ ........ 55% 27.2M 12m55s
26640384K ........ ........ ........ ........ 56% 18.5M 12m54s
26673152K ........ ........ ........ ........ 56% 27.2M 12m53s
26705920K ........ ........ ........ ........ 56% 27.1M 12m52s
26738688K ........ ........ ........ ........ 56% 27.2M 12m51s
26771456K ........ ........ ........ ........ 56% 27.2M 12m49s
26804224K ........ ........ ........ ........ 56% 27.1M 12m48s
26836992K ........ ........ ........ ........ 56% 27.2M 12m47s
26869760K ........ ........ ........ ........ 56% 25.9M 12m46s
26902528K ........ ........ ........ ........ 56% 19.1M 12m45s
26935296K ........ ........ ........ ........ 56% 27.1M 12m44s
26968064K ........ ........ ........ ........ 56% 27.2M 12m42s
27000832K ........ ........ ........ ........ 56% 27.2M 12m41s
27033600K ........ ........ ........ ........ 56% 27.1M 12m40s
27066368K ........ ........ ........ ........ 56% 26.6M 12m39s
27099136K ........ ........ ........ ........ 57% 27.9M 12m37s
27131904K ........ ........ ........ ........ 57% 27.1M 12m36s
27164672K ........ ........ ........ ........ 57% 27.3M 12m35s
27197440K ........ ........ ........ ........ 57% 27.2M 12m34s
27230208K ........ ........ ........ ........ 57% 27.2M 12m32s
27262976K ........ ........ ........ ........ 57% 27.1M 12m31s
27295744K ........ ........ ........ ........ 57% 27.2M 12m30s
27328512K ........ ........ ........ ........ 57% 27.3M 12m29s
27361280K ........ ........ ........ ........ 57% 27.2M 12m27s
27394048K ........ ........ ........ ........ 57% 27.2M 12m26s
27426816K ........ ........ ........ ........ 57% 18.6M 12m25s
27459584K ........ ........ ........ ........ 57% 27.2M 12m24s
27492352K ........ ........ ........ ........ 57% 27.2M 12m23s
27525120K ........ ........ ........ ........ 57% 27.2M 12m22s
27557888K ........ ........ ........ ........ 57% 27.2M 12m20s
27590656K ........ ........ ........ ........ 58% 27.1M 12m19s
27623424K ........ ........ ........ ........ 58% 27.2M 12m18s
27656192K ........ ........ ........ ........ 58% 25.0M 12m17s
27688960K ........ ........ ........ ........ 58% 29.8M 12m15s
27721728K ........ ........ ........ ........ 58% 27.2M 12m14s
27754496K ........ ........ ........ ........ 58% 18.6M 12m13s
27787264K ........ ........ ........ ........ 58% 27.1M 12m12s
27820032K ........ ........ ........ ........ 58% 27.2M 12m11s
27852800K ........ ........ ........ ........ 58% 27.1M 12m10s
27885568K ........ ........ ........ ........ 58% 27.2M 12m8s
27918336K ........ ........ ........ ........ 58% 27.2M 12m7s
27951104K ........ ........ ........ ........ 58% 27.1M 12m6s
27983872K ........ ........ ........ ........ 58% 27.1M 12m5s
28016640K ........ ........ ........ ........ 58% 27.2M 12m3s
28049408K ........ ........ ........ ........ 59% 27.2M 12m2s
28082176K ........ ........ ........ ........ 59% 27.2M 12m1s
28114944K ........ ........ ........ ........ 59% 18.6M 12m0s
28147712K ........ ........ ........ ........ 59% 27.1M 11m59s
28180480K ........ ........ ........ ........ 59% 27.2M 11m58s
28213248K ........ ........ ........ ........ 59% 27.2M 11m56s
28246016K ........ ........ ........ ........ 59% 27.1M 11m55s
28278784K ........ ........ ........ ........ 59% 27.3M 11m54s
28311552K ........ ........ ........ ........ 59% 27.1M 11m53s
28344320K ........ ........ ........ ........ 59% 27.1M 11m51s
28377088K ........ ........ ........ ........ 59% 27.1M 11m50s
28409856K ........ ........ ........ ........ 59% 18.6M 11m49s
28442624K ........ ........ ........ ........ 59% 27.0M 11m48s
28475392K ........ ........ ........ ........ 59% 27.2M 11m47s
28508160K ........ ........ ........ ........ 59% 24.2M 11m46s
28540928K ........ ........ ........ ........ 60% 28.3M 11m44s
28573696K ........ ........ ........ ........ 60% 29.8M 11m43s
28606464K ........ ........ ........ ........ 60% 27.0M 11m42s
28639232K ........ ........ ........ ........ 60% 27.2M 11m41s
28672000K ........ ........ ........ ........ 60% 27.2M 11m39s
28704768K ........ ........ ........ ........ 60% 27.0M 11m38s
28737536K ........ ........ ........ ........ 60% 27.4M 11m37s
28770304K ........ ........ ........ ........ 60% 27.0M 11m36s
28803072K ........ ........ ........ ........ 60% 21.5M 11m35s
28835840K ........ ........ ........ ........ 60% 37.1M 11m33s
28868608K ........ ........ ........ ........ 60% 20.1M 11m32s
28901376K ........ ........ ........ ........ 60% 27.2M 11m31s
28934144K ........ ........ ........ ........ 60% 27.1M 11m30s
28966912K ........ ........ ........ ........ 60% 27.3M 11m29s
28999680K ........ ........ ........ ........ 61% 27.1M 11m27s
29032448K ........ ........ ........ ........ 61% 27.1M 11m26s
29065216K ........ ........ ........ ........ 61% 27.1M 11m25s
29097984K ........ ........ ........ ........ 61% 24.1M 11m24s
29130752K ........ ........ ........ ........ 61% 31.4M 11m22s
29163520K ........ ........ ........ ........ 61% 27.2M 11m21s
29196288K ........ ........ ........ ........ 61% 27.1M 11m20s
29229056K ........ ........ ........ ........ 61% 27.2M 11m19s
29261824K ........ ........ ........ ........ 61% 27.1M 11m17s
29294592K ........ ........ ........ ........ 61% 27.3M 11m16s
29327360K ........ ........ ........ ........ 61% 27.1M 11m15s
29360128K ........ ........ ........ ........ 61% 27.1M 11m14s
29392896K ........ ........ ........ ........ 61% 21.2M 11m13s
29425664K ........ ........ ........ ........ 61% 37.8M 11m11s
29458432K ........ ........ ........ ........ 61% 20.3M 11m10s
29491200K ........ ........ ........ ........ 62% 27.2M 11m9s
29523968K ........ ........ ........ ........ 62% 27.2M 11m8s
29556736K ........ ........ ........ ........ 62% 27.2M 11m7s
29589504K ........ ........ ........ ........ 62% 27.0M 11m5s
29622272K ........ ........ ........ ........ 62% 27.3M 11m4s
29655040K ........ ........ ........ ........ 62% 24.4M 11m3s
29687808K ........ ........ ........ ........ 62% 29.8M 11m2s
29720576K ........ ........ ........ ........ 62% 25.5M 11m0s
29753344K ........ ........ ........ ........ 62% 29.8M 10m59s
29786112K ........ ........ ........ ........ 62% 21.5M 10m58s
29818880K ........ ........ ........ ........ 62% 30.5M 10m57s
29851648K ........ ........ ........ ........ 62% 31.5M 10m55s
29884416K ........ ........ ........ ........ 62% 27.5M 10m54s
29917184K ........ ........ ........ ........ 62% 27.0M 10m53s
29949952K ........ ........ ........ ........ 63% 18.6M 10m52s
29982720K ........ ........ ........ ........ 63% 27.2M 10m51s
30015488K ........ ........ ........ ........ 63% 27.2M 10m50s
30048256K ........ ........ ........ ........ 63% 27.1M 10m48s
30081024K ........ ........ ........ ........ 63% 27.2M 10m47s
30113792K ........ ........ ........ ........ 63% 27.2M 10m46s
30146560K ........ ........ ........ ........ 63% 23.5M 10m45s
30179328K ........ ........ ........ ........ 63% 25.4M 10m44s
30212096K ........ ........ ........ ........ 63% 27.2M 10m42s
30244864K ........ ........ ........ ........ 63% 26.9M 10m41s
30277632K ........ ........ ........ ........ 63% 27.4M 10m40s
30310400K ........ ........ ........ ........ 63% 27.1M 10m39s
30343168K ........ ........ ........ ........ 63% 27.1M 10m37s
30375936K ........ ........ ........ ........ 63% 27.3M 10m36s
30408704K ........ ........ ........ ........ 63% 27.0M 10m35s
30441472K ........ ........ ........ ........ 64% 27.3M 10m34s
30474240K ........ ........ ........ ........ 64% 27.2M 10m32s
30507008K ........ ........ ........ ........ 64% 27.1M 10m31s
30539776K ........ ........ ........ ........ 64% 27.3M 10m30s
30572544K ........ ........ ........ ........ 64% 18.5M 10m29s
30605312K ........ ........ ........ ........ 64% 27.2M 10m28s
30638080K ........ ........ ........ ........ 64% 27.2M 10m27s
30670848K ........ ........ ........ ........ 64% 27.1M 10m25s
30703616K ........ ........ ........ ........ 64% 23.6M 10m24s
30736384K ........ ........ ........ ........ 64% 32.1M 10m23s
30769152K ........ ........ ........ ........ 64% 27.2M 10m22s
30801920K ........ ........ ........ ........ 64% 27.1M 10m20s
30834688K ........ ........ ........ ........ 64% 27.2M 10m19s
30867456K ........ ........ ........ ........ 64% 27.2M 10m18s
30900224K ........ ........ ........ ........ 65% 27.2M 10m17s
30932992K ........ ........ ........ ........ 65% 18.6M 10m16s
30965760K ........ ........ ........ ........ 65% 27.2M 10m15s
30998528K ........ ........ ........ ........ 65% 27.1M 10m13s
31031296K ........ ........ ........ ........ 65% 27.2M 10m12s
31064064K ........ ........ ........ ........ 65% 27.2M 10m11s
31096832K ........ ........ ........ ........ 65% 27.1M 10m10s
31129600K ........ ........ ........ ........ 65% 21.8M 10m9s
31162368K ........ ........ ........ ........ 65% 36.1M 10m7s
31195136K ........ ........ ........ ........ 65% 27.2M 10m6s
31227904K ........ ........ ........ ........ 65% 27.3M 10m5s
31260672K ........ ........ ........ ........ 65% 27.2M 10m3s
31293440K ........ ........ ........ ........ 65% 27.2M 10m2s
31326208K ........ ........ ........ ........ 65% 21.3M 10m1s
31358976K ........ ........ ........ ........ 65% 28.9M 10m0s
31391744K ........ ........ ........ ........ 66% 34.7M 9m59s
31424512K ........ ........ ........ ........ 66% 27.2M 9m57s
31457280K ........ ........ ........ ........ 66% 27.2M 9m56s
31490048K ........ ........ ........ ........ 66% 18.5M 9m55s
31522816K ........ ........ ........ ........ 66% 27.1M 9m54s
31555584K ........ ........ ........ ........ 66% 27.2M 9m53s
31588352K ........ ........ ........ ........ 66% 27.2M 9m51s
31621120K ........ ........ ........ ........ 66% 27.2M 9m50s
31653888K ........ ........ ........ ........ 66% 27.1M 9m49s
31686656K ........ ........ ........ ........ 66% 27.1M 9m48s
31719424K ........ ........ ........ ........ 66% 27.2M 9m47s
31752192K ........ ........ ........ ........ 66% 27.2M 9m45s
31784960K ........ ........ ........ ........ 66% 27.2M 9m44s
31817728K ........ ........ ........ ........ 66% 27.1M 9m43s
31850496K ........ ........ ........ ........ 67% 27.1M 9m42s
31883264K ........ ........ ........ ........ 67% 27.2M 9m40s
31916032K ........ ........ ........ ........ 67% 20.2M 9m39s
31948800K ........ ........ ........ ........ 67% 27.2M 9m38s
31981568K ........ ........ ........ ........ 67% 27.1M 9m37s
32014336K ........ ........ ........ ........ 67% 27.2M 9m36s
32047104K ........ ........ ........ ........ 67% 27.0M 9m34s
32079872K ........ ........ ........ ........ 67% 26.3M 9m33s
32112640K ........ ........ ........ ........ 67% 28.3M 9m32s
32145408K ........ ........ ........ ........ 67% 27.1M 9m31s
32178176K ........ ........ ........ ........ 67% 27.3M 9m29s
32210944K ........ ........ ........ ........ 67% 27.0M 9m28s
32243712K ........ ........ ........ ........ 67% 18.6M 9m27s
32276480K ........ ........ ........ ........ 67% 27.2M 9m26s
32309248K ........ ........ ........ ........ 67% 27.2M 9m25s
32342016K ........ ........ ........ ........ 68% 27.2M 9m24s
32374784K ........ ........ ........ ........ 68% 27.0M 9m22s
32407552K ........ ........ ........ ........ 68% 27.3M 9m21s
32440320K ........ ........ ........ ........ 68% 27.2M 9m20s
32473088K ........ ........ ........ ........ 68% 27.2M 9m19s
32505856K ........ ........ ........ ........ 68% 27.1M 9m17s
32538624K ........ ........ ........ ........ 68% 27.1M 9m16s
32571392K ........ ........ ........ ........ 68% 27.2M 9m15s
32604160K ........ ........ ........ ........ 68% 27.3M 9m14s
32636928K ........ ........ ........ ........ 68% 18.5M 9m13s
32669696K ........ ........ ........ ........ 68% 27.2M 9m12s
32702464K ........ ........ ........ ........ 68% 27.0M 9m10s
32735232K ........ ........ ........ ........ 68% 27.2M 9m9s
32768000K ........ ........ ........ ........ 68% 27.2M 9m8s
32800768K ........ ........ ........ ........ 68% 27.3M 9m7s
32833536K ........ ........ ........ ........ 69% 27.1M 9m5s
32866304K ........ ........ ........ ........ 69% 27.1M 9m4s
32899072K ........ ........ ........ ........ 69% 27.2M 9m3s
32931840K ........ ........ ........ ........ 69% 27.2M 9m2s
32964608K ........ ........ ........ ........ 69% 27.3M 9m0s
32997376K ........ ........ ........ ........ 69% 18.5M 8m59s
33030144K ........ ........ ........ ........ 69% 27.2M 8m58s
33062912K ........ ........ ........ ........ 69% 27.2M 8m57s
33095680K ........ ........ ........ ........ 69% 27.2M 8m56s
33128448K ........ ........ ........ ........ 69% 27.2M 8m55s
33161216K ........ ........ ........ ........ 69% 25.6M 8m53s
33193984K ........ ........ ........ ........ 69% 25.5M 8m52s
33226752K ........ ........ ........ ........ 69% 31.2M 8m51s
33259520K ........ ........ ........ ........ 69% 18.6M 8m50s
33292288K ........ ........ ........ ........ 70% 27.5M 8m49s
33325056K ........ ........ ........ ........ 70% 27.5M 8m47s
33357824K ........ ........ ........ ........ 70% 26.7M 8m46s
33390592K ........ ........ ........ ........ 70% 27.3M 8m45s
33423360K ........ ........ ........ ........ 70% 26.6M 8m44s
33456128K ........ ........ ........ ........ 70% 25.9M 8m42s
33488896K ........ ........ ........ ........ 70% 29.2M 8m41s
33521664K ........ ........ ........ ........ 70% 26.8M 8m40s
33554432K ........ ........ ........ ........ 70% 27.5M 8m39s
33587200K ........ ........ ........ ........ 70% 26.7M 8m38s
33619968K ........ ........ ........ ........ 70% 27.5M 8m36s
33652736K ........ ........ ........ ........ 70% 27.1M 8m35s
33685504K ........ ........ ........ ........ 70% 27.1M 8m34s
33718272K ........ ........ ........ ........ 70% 27.4M 8m33s
33751040K ........ ........ ........ ........ 70% 26.8M 8m31s
33783808K ........ ........ ........ ........ 71% 27.3M 8m30s
33816576K ........ ........ ........ ........ 71% 27.1M 8m29s
33849344K ........ ........ ........ ........ 71% 27.2M 8m28s
33882112K ........ ........ ........ ........ 71% 18.5M 8m27s
33914880K ........ ........ ........ ........ 71% 27.1M 8m25s
33947648K ........ ........ ........ ........ 71% 27.2M 8m24s
33980416K ........ ........ ........ ........ 71% 27.1M 8m23s
34013184K ........ ........ ........ ........ 71% 27.2M 8m22s
34045952K ........ ........ ........ ........ 71% 27.2M 8m21s
34078720K ........ ........ ........ ........ 71% 27.1M 8m19s
34111488K ........ ........ ........ ........ 71% 24.8M 8m18s
34144256K ........ ........ ........ ........ 71% 30.1M 8m17s
34177024K ........ ........ ........ ........ 71% 27.2M 8m16s
34209792K ........ ........ ........ ........ 71% 27.2M 8m14s
34242560K ........ ........ ........ ........ 72% 27.1M 8m13s
34275328K ........ ........ ........ ........ 72% 18.6M 8m12s
34308096K ........ ........ ........ ........ 72% 25.3M 8m11s
34340864K ........ ........ ........ ........ 72% 29.2M 8m10s
34373632K ........ ........ ........ ........ 72% 27.2M 8m8s
34406400K ........ ........ ........ ........ 72% 27.2M 8m7s
34439168K ........ ........ ........ ........ 72% 27.2M 8m6s
34471936K ........ ........ ........ ........ 72% 27.1M 8m5s
34504704K ........ ........ ........ ........ 72% 27.2M 8m4s
34537472K ........ ........ ........ ........ 72% 27.2M 8m2s
34570240K ........ ........ ........ ........ 72% 27.2M 8m1s
34603008K ........ ........ ........ ........ 72% 27.1M 8m0s
34635776K ........ ........ ........ ........ 72% 27.2M 7m59s
34668544K ........ ........ ........ ........ 72% 27.2M 7m57s
34701312K ........ ........ ........ ........ 72% 27.2M 7m56s
34734080K ........ ........ ........ ........ 73% 27.2M 7m55s
34766848K ........ ........ ........ ........ 73% 27.1M 7m54s
34799616K ........ ........ ........ ........ 73% 27.2M 7m53s
34832384K ........ ........ ........ ........ 73% 27.2M 7m51s
34865152K ........ ........ ........ ........ 73% 27.1M 7m50s
34897920K ........ ........ ........ ........ 73% 27.3M 7m49s
34930688K ........ ........ ........ ........ 73% 27.1M 7m48s
34963456K ........ ........ ........ ........ 73% 27.2M 7m46s
34996224K ........ ........ ........ ........ 73% 27.3M 7m45s
35028992K ........ ........ ........ ........ 73% 27.1M 7m44s
35061760K ........ ........ ........ ........ 73% 18.7M 7m43s
35094528K ........ ........ ........ ........ 73% 27.5M 7m42s
35127296K ........ ........ ........ ........ 73% 27.5M 7m40s
35160064K ........ ........ ........ ........ 73% 26.7M 7m39s
35192832K ........ ........ ........ ........ 74% 27.4M 7m38s
35225600K ........ ........ ........ ........ 74% 26.7M 7m37s
35258368K ........ ........ ........ ........ 74% 27.5M 7m36s
35291136K ........ ........ ........ ........ 74% 27.1M 7m34s
35323904K ........ ........ ........ ........ 74% 27.0M 7m33s
35356672K ........ ........ ........ ........ 74% 27.2M 7m32s
35389440K ........ ........ ........ ........ 74% 27.0M 7m31s
35422208K ........ ........ ........ ........ 74% 26.6M 7m29s
35454976K ........ ........ ........ ........ 74% 27.9M 7m28s
35487744K ........ ........ ........ ........ 74% 27.2M 7m27s
35520512K ........ ........ ........ ........ 74% 27.2M 7m26s
35553280K ........ ........ ........ ........ 74% 27.0M 7m25s
35586048K ........ ........ ........ ........ 74% 27.3M 7m23s
35618816K ........ ........ ........ ........ 74% 18.6M 7m22s
35651584K ........ ........ ........ ........ 74% 27.1M 7m21s
35684352K ........ ........ ........ ........ 75% 27.2M 7m20s
35717120K ........ ........ ........ ........ 75% 24.1M 7m19s
35749888K ........ ........ ........ ........ 75% 31.1M 7m17s
35782656K ........ ........ ........ ........ 75% 26.6M 7m16s
35815424K ........ ........ ........ ........ 75% 27.8M 7m15s
35848192K ........ ........ ........ ........ 75% 27.2M 7m14s
35880960K ........ ........ ........ ........ 75% 27.2M 7m12s
35913728K ........ ........ ........ ........ 75% 27.2M 7m11s
35946496K ........ ........ ........ ........ 75% 27.2M 7m10s
35979264K ........ ........ ........ ........ 75% 27.2M 7m9s
36012032K ........ ........ ........ ........ 75% 27.2M 7m8s
36044800K ........ ........ ........ ........ 75% 18.6M 7m6s
36077568K ........ ........ ........ ........ 75% 27.2M 7m5s
36110336K ........ ........ ........ ........ 75% 27.1M 7m4s
36143104K ........ ........ ........ ........ 76% 27.2M 7m3s
36175872K ........ ........ ........ ........ 76% 27.2M 7m2s
36208640K ........ ........ ........ ........ 76% 27.1M 7m0s
36241408K ........ ........ ........ ........ 76% 27.3M 6m59s
36274176K ........ ........ ........ ........ 76% 27.1M 6m58s
36306944K ........ ........ ........ ........ 76% 27.2M 6m57s
36339712K ........ ........ ........ ........ 76% 27.1M 6m55s
36372480K ........ ........ ........ ........ 76% 24.4M 6m54s
36405248K ........ ........ ........ ........ 76% 30.7M 6m53s
36438016K ........ ........ ........ ........ 76% 27.2M 6m52s
36470784K ........ ........ ........ ........ 76% 27.2M 6m51s
36503552K ........ ........ ........ ........ 76% 27.1M 6m49s
36536320K ........ ........ ........ ........ 76% 27.1M 6m48s
36569088K ........ ........ ........ ........ 76% 27.2M 6m47s
36601856K ........ ........ ........ ........ 76% 27.2M 6m46s
36634624K ........ ........ ........ ........ 77% 18.5M 6m45s
36667392K ........ ........ ........ ........ 77% 27.2M 6m43s
36700160K ........ ........ ........ ........ 77% 27.2M 6m42s
36732928K ........ ........ ........ ........ 77% 27.2M 6m41s
36765696K ........ ........ ........ ........ 77% 27.1M 6m40s
36798464K ........ ........ ........ ........ 77% 27.2M 6m38s
36831232K ........ ........ ........ ........ 77% 27.2M 6m37s
36864000K ........ ........ ........ ........ 77% 27.2M 6m36s
36896768K ........ ........ ........ ........ 77% 27.1M 6m35s
36929536K ........ ........ ........ ........ 77% 27.2M 6m34s
36962304K ........ ........ ........ ........ 77% 27.1M 6m32s
36995072K ........ ........ ........ ........ 77% 18.6M 6m31s
37027840K ........ ........ ........ ........ 77% 23.7M 6m30s
37060608K ........ ........ ........ ........ 77% 31.7M 6m29s
37093376K ........ ........ ........ ........ 78% 27.2M 6m28s
37126144K ........ ........ ........ ........ 78% 27.2M 6m26s
37158912K ........ ........ ........ ........ 78% 27.1M 6m25s
37191680K ........ ........ ........ ........ 78% 27.2M 6m24s
37224448K ........ ........ ........ ........ 78% 27.1M 6m23s
37257216K ........ ........ ........ ........ 78% 27.2M 6m21s
37289984K ........ ........ ........ ........ 78% 27.2M 6m20s
37322752K ........ ........ ........ ........ 78% 27.1M 6m19s
37355520K ........ ........ ........ ........ 78% 27.2M 6m18s
37388288K ........ ........ ........ ........ 78% 27.2M 6m17s
37421056K ........ ........ ........ ........ 78% 27.2M 6m15s
37453824K ........ ........ ........ ........ 78% 18.6M 6m14s
37486592K ........ ........ ........ ........ 78% 27.2M 6m13s
37519360K ........ ........ ........ ........ 78% 27.2M 6m12s
37552128K ........ ........ ........ ........ 78% 27.1M 6m11s
37584896K ........ ........ ........ ........ 79% 27.2M 6m9s
37617664K ........ ........ ........ ........ 79% 27.2M 6m8s
37650432K ........ ........ ........ ........ 79% 27.2M 6m7s
37683200K ........ ........ ........ ........ 79% 27.2M 6m6s
37715968K ........ ........ ........ ........ 79% 27.1M 6m4s
37748736K ........ ........ ........ ........ 79% 27.2M 6m3s
37781504K ........ ........ ........ ........ 79% 27.2M 6m2s
37814272K ........ ........ ........ ........ 79% 27.2M 6m1s
37847040K ........ ........ ........ ........ 79% 27.1M 6m0s
37879808K ........ ........ ........ ........ 79% 27.2M 5m58s
37912576K ........ ........ ........ ........ 79% 27.2M 5m57s
37945344K ........ ........ ........ ........ 79% 27.2M 5m56s
37978112K ........ ........ ........ ........ 79% 27.2M 5m55s
38010880K ........ ........ ........ ........ 79% 27.1M 5m53s
38043648K ........ ........ ........ ........ 80% 27.1M 5m52s
38076416K ........ ........ ........ ........ 80% 27.3M 5m51s
38109184K ........ ........ ........ ........ 80% 27.2M 5m50s
38141952K ........ ........ ........ ........ 80% 26.5M 5m49s
38174720K ........ ........ ........ ........ 80% 27.7M 5m47s
38207488K ........ ........ ........ ........ 80% 18.9M 5m46s
38240256K ........ ........ ........ ........ 80% 26.6M 5m45s
38273024K ........ ........ ........ ........ 80% 27.3M 5m44s
38305792K ........ ........ ........ ........ 80% 27.4M 5m43s
38338560K ........ ........ ........ ........ 80% 26.8M 5m41s
38371328K ........ ........ ........ ........ 80% 27.4M 5m40s
38404096K ........ ........ ........ ........ 80% 26.9M 5m39s
38436864K ........ ........ ........ ........ 80% 23.7M 5m38s
38469632K ........ ........ ........ ........ 80% 32.1M 5m36s
38502400K ........ ........ ........ ........ 80% 27.0M 5m35s
38535168K ........ ........ ........ ........ 81% 27.4M 5m34s
38567936K ........ ........ ........ ........ 81% 18.4M 5m33s
38600704K ........ ........ ........ ........ 81% 27.0M 5m32s
38633472K ........ ........ ........ ........ 81% 27.2M 5m31s
38666240K ........ ........ ........ ........ 81% 23.7M 5m29s
38699008K ........ ........ ........ ........ 81% 28.4M 5m28s
38731776K ........ ........ ........ ........ 81% 30.3M 5m27s
38764544K ........ ........ ........ ........ 81% 27.2M 5m26s
38797312K ........ ........ ........ ........ 81% 27.1M 5m24s
38830080K ........ ........ ........ ........ 81% 27.1M 5m23s
38862848K ........ ........ ........ ........ 81% 27.3M 5m22s
38895616K ........ ........ ........ ........ 81% 27.1M 5m21s
38928384K ........ ........ ........ ........ 81% 27.2M 5m20s
38961152K ........ ........ ........ ........ 81% 27.2M 5m18s
38993920K ........ ........ ........ ........ 82% 24.2M 5m17s
39026688K ........ ........ ........ ........ 82% 20.4M 5m16s
39059456K ........ ........ ........ ........ 82% 27.4M 5m15s
39092224K ........ ........ ........ ........ 82% 26.9M 5m14s
39124992K ........ ........ ........ ........ 82% 27.3M 5m12s
39157760K ........ ........ ........ ........ 82% 27.5M 5m11s
39190528K ........ ........ ........ ........ 82% 26.3M 5m10s
39223296K ........ ........ ........ ........ 82% 25.6M 5m9s
39256064K ........ ........ ........ ........ 82% 29.5M 5m7s
39288832K ........ ........ ........ ........ 82% 27.2M 5m6s
39321600K ........ ........ ........ ........ 82% 27.5M 5m5s
39354368K ........ ........ ........ ........ 82% 26.8M 5m4s
39387136K ........ ........ ........ ........ 82% 27.3M 5m3s
39419904K ........ ........ ........ ........ 82% 27.0M 5m1s
39452672K ........ ........ ........ ........ 82% 27.2M 5m0s
39485440K ........ ........ ........ ........ 83% 27.5M 4m59s
39518208K ........ ........ ........ ........ 83% 26.9M 4m58s
39550976K ........ ........ ........ ........ 83% 27.3M 4m56s
39583744K ........ ........ ........ ........ 83% 27.0M 4m55s
39616512K ........ ........ ........ ........ 83% 27.2M 4m54s
39649280K ........ ........ ........ ........ 83% 27.5M 4m53s
39682048K ........ ........ ........ ........ 83% 26.9M 4m52s
39714816K ........ ........ ........ ........ 83% 27.3M 4m50s
39747584K ........ ........ ........ ........ 83% 27.1M 4m49s
39780352K ........ ........ ........ ........ 83% 18.3M 4m48s
39813120K ........ ........ ........ ........ 83% 27.6M 4m47s
39845888K ........ ........ ........ ........ 83% 27.3M 4m46s
39878656K ........ ........ ........ ........ 83% 27.2M 4m44s
39911424K ........ ........ ........ ........ 83% 27.2M 4m43s
39944192K ........ ........ ........ ........ 84% 27.2M 4m42s
39976960K ........ ........ ........ ........ 84% 27.0M 4m41s
40009728K ........ ........ ........ ........ 84% 27.2M 4m39s
40042496K ........ ........ ........ ........ 84% 26.3M 4m38s
40075264K ........ ........ ........ ........ 84% 27.5M 4m37s
40108032K ........ ........ ........ ........ 84% 18.4M 4m36s
40140800K ........ ........ ........ ........ 84% 24.9M 4m35s
40173568K ........ ........ ........ ........ 84% 29.9M 4m33s
40206336K ........ ........ ........ ........ 84% 26.9M 4m32s
40239104K ........ ........ ........ ........ 84% 27.3M 4m31s
40271872K ........ ........ ........ ........ 84% 27.2M 4m30s
40304640K ........ ........ ........ ........ 84% 27.2M 4m29s
40337408K ........ ........ ........ ........ 84% 27.3M 4m27s
40370176K ........ ........ ........ ........ 84% 26.9M 4m26s
40402944K ........ ........ ........ ........ 84% 27.4M 4m25s
40435712K ........ ........ ........ ........ 85% 26.2M 4m24s
40468480K ........ ........ ........ ........ 85% 28.2M 4m22s
40501248K ........ ........ ........ ........ 85% 27.2M 4m21s
40534016K ........ ........ ........ ........ 85% 18.6M 4m20s
40566784K ........ ........ ........ ........ 85% 27.2M 4m19s
40599552K ........ ........ ........ ........ 85% 26.1M 4m18s
40632320K ........ ........ ........ ........ 85% 28.3M 4m16s
40665088K ........ ........ ........ ........ 85% 27.2M 4m15s
40697856K ........ ........ ........ ........ 85% 27.2M 4m14s
40730624K ........ ........ ........ ........ 85% 27.2M 4m13s
40763392K ........ ........ ........ ........ 85% 27.1M 4m12s
40796160K ........ ........ ........ ........ 85% 27.2M 4m10s
40828928K ........ ........ ........ ........ 85% 25.2M 4m9s
40861696K ........ ........ ........ ........ 85% 29.5M 4m8s
40894464K ........ ........ ........ ........ 86% 27.2M 4m7s
40927232K ........ ........ ........ ........ 86% 27.2M 4m5s
40960000K ........ ........ ........ ........ 86% 27.2M 4m4s
40992768K ........ ........ ........ ........ 86% 27.2M 4m3s
41025536K ........ ........ ........ ........ 86% 20.2M 4m2s
41058304K ........ ........ ........ ........ 86% 27.1M 4m1s
41091072K ........ ........ ........ ........ 86% 27.2M 3m59s
41123840K ........ ........ ........ ........ 86% 27.2M 3m58s
41156608K ........ ........ ........ ........ 86% 27.2M 3m57s
41189376K ........ ........ ........ ........ 86% 27.2M 3m56s
41222144K ........ ........ ........ ........ 86% 27.2M 3m55s
41254912K ........ ........ ........ ........ 86% 27.2M 3m53s
41287680K ........ ........ ........ ........ 86% 27.1M 3m52s
41320448K ........ ........ ........ ........ 86% 27.2M 3m51s
41353216K ........ ........ ........ ........ 86% 27.2M 3m50s
41385984K ........ ........ ........ ........ 87% 27.2M 3m48s
41418752K ........ ........ ........ ........ 87% 27.2M 3m47s
41451520K ........ ........ ........ ........ 87% 27.2M 3m46s
41484288K ........ ........ ........ ........ 87% 27.2M 3m45s
41517056K ........ ........ ........ ........ 87% 27.1M 3m44s
41549824K ........ ........ ........ ........ 87% 27.2M 3m42s
41582592K ........ ........ ........ ........ 87% 27.1M 3m41s
41615360K ........ ........ ........ ........ 87% 24.2M 3m40s
41648128K ........ ........ ........ ........ 87% 31.0M 3m39s
41680896K ........ ........ ........ ........ 87% 27.2M 3m37s
41713664K ........ ........ ........ ........ 87% 18.6M 3m36s
41746432K ........ ........ ........ ........ 87% 27.2M 3m35s
41779200K ........ ........ ........ ........ 87% 27.2M 3m34s
41811968K ........ ........ ........ ........ 87% 27.2M 3m33s
41844736K ........ ........ ........ ........ 88% 27.1M 3m31s
41877504K ........ ........ ........ ........ 88% 27.2M 3m30s
41910272K ........ ........ ........ ........ 88% 26.8M 3m29s
41943040K ........ ........ ........ ........ 88% 27.6M 3m28s
41975808K ........ ........ ........ ........ 88% 27.2M 3m27s
42008576K ........ ........ ........ ........ 88% 27.1M 3m25s
42041344K ........ ........ ........ ........ 88% 18.6M 3m24s
42074112K ........ ........ ........ ........ 88% 27.1M 3m23s
42106880K ........ ........ ........ ........ 88% 27.2M 3m22s
42139648K ........ ........ ........ ........ 88% 27.2M 3m21s
42172416K ........ ........ ........ ........ 88% 25.5M 3m19s
42205184K ........ ........ ........ ........ 88% 29.1M 3m18s
42237952K ........ ........ ........ ........ 88% 27.1M 3m17s
42270720K ........ ........ ........ ........ 88% 27.2M 3m16s
42303488K ........ ........ ........ ........ 88% 27.2M 3m14s
42336256K ........ ........ ........ ........ 89% 27.2M 3m13s
42369024K ........ ........ ........ ........ 89% 27.2M 3m12s
42401792K ........ ........ ........ ........ 89% 27.2M 3m11s
42434560K ........ ........ ........ ........ 89% 27.2M 3m10s
42467328K ........ ........ ........ ........ 89% 27.2M 3m8s
42500096K ........ ........ ........ ........ 89% 27.2M 3m7s
42532864K ........ ........ ........ ........ 89% 27.1M 3m6s
42565632K ........ ........ ........ ........ 89% 27.2M 3m5s
42598400K ........ ........ ........ ........ 89% 27.2M 3m4s
42631168K ........ ........ ........ ........ 89% 18.6M 3m2s
42663936K ........ ........ ........ ........ 89% 27.1M 3m1s
42696704K ........ ........ ........ ........ 89% 27.2M 3m0s
42729472K ........ ........ ........ ........ 89% 27.2M 2m59s
42762240K ........ ........ ........ ........ 89% 25.0M 2m57s
42795008K ........ ........ ........ ........ 90% 29.7M 2m56s
42827776K ........ ........ ........ ........ 90% 26.4M 2m55s
42860544K ........ ........ ........ ........ 90% 28.0M 2m54s
42893312K ........ ........ ........ ........ 90% 27.2M 2m53s
42926080K ........ ........ ........ ........ 90% 27.2M 2m51s
42958848K ........ ........ ........ ........ 90% 27.2M 2m50s
42991616K ........ ........ ........ ........ 90% 27.2M 2m49s
43024384K ........ ........ ........ ........ 90% 27.2M 2m48s
43057152K ........ ........ ........ ........ 90% 26.2M 2m47s
43089920K ........ ........ ........ ........ 90% 28.3M 2m45s
43122688K ........ ........ ........ ........ 90% 27.2M 2m44s
43155456K ........ ........ ........ ........ 90% 27.1M 2m43s
43188224K ........ ........ ........ ........ 90% 27.2M 2m42s
43220992K ........ ........ ........ ........ 90% 27.0M 2m40s
43253760K ........ ........ ........ ........ 90% 18.6M 2m39s
43286528K ........ ........ ........ ........ 91% 26.5M 2m38s
43319296K ........ ........ ........ ........ 91% 27.2M 2m37s
43352064K ........ ........ ........ ........ 91% 27.2M 2m36s
43384832K ........ ........ ........ ........ 91% 27.2M 2m34s
43417600K ........ ........ ........ ........ 91% 27.2M 2m33s
43450368K ........ ........ ........ ........ 91% 27.2M 2m32s
43483136K ........ ........ ........ ........ 91% 27.0M 2m31s
43515904K ........ ........ ........ ........ 91% 27.3M 2m30s
43548672K ........ ........ ........ ........ 91% 27.2M 2m28s
43581440K ........ ........ ........ ........ 91% 27.1M 2m27s
43614208K ........ ........ ........ ........ 91% 27.2M 2m26s
43646976K ........ ........ ........ ........ 91% 27.0M 2m25s
43679744K ........ ........ ........ ........ 91% 27.3M 2m23s
43712512K ........ ........ ........ ........ 91% 27.1M 2m22s
43745280K ........ ........ ........ ........ 91% 27.2M 2m21s
43778048K ........ ........ ........ ........ 92% 18.5M 2m20s
43810816K ........ ........ ........ ........ 92% 27.1M 2m19s
43843584K ........ ........ ........ ........ 92% 27.2M 2m17s
43876352K ........ ........ ........ ........ 92% 24.8M 2m16s
43909120K ........ ........ ........ ........ 92% 30.0M 2m15s
43941888K ........ ........ ........ ........ 92% 27.1M 2m14s
43974656K ........ ........ ........ ........ 92% 27.3M 2m13s
44007424K ........ ........ ........ ........ 92% 27.1M 2m11s
44040192K ........ ........ ........ ........ 92% 27.3M 2m10s
44072960K ........ ........ ........ ........ 92% 27.1M 2m9s
44105728K ........ ........ ........ ........ 92% 27.1M 2m8s
44138496K ........ ........ ........ ........ 92% 27.3M 2m6s
44171264K ........ ........ ........ ........ 92% 27.1M 2m5s
44204032K ........ ........ ........ ........ 92% 27.2M 2m4s
44236800K ........ ........ ........ ........ 93% 27.2M 2m3s
44269568K ........ ........ ........ ........ 93% 27.1M 2m2s
44302336K ........ ........ ........ ........ 93% 27.7M 2m0s
44335104K ........ ........ ........ ........ 93% 27.2M 1m59s
44367872K ........ ........ ........ ........ 93% 27.3M 1m58s
44400640K ........ ........ ........ ........ 93% 27.4M 1m57s
44433408K ........ ........ ........ ........ 93% 27.1M 1m56s
44466176K ........ ........ ........ ........ 93% 27.6M 1m54s
44498944K ........ ........ ........ ........ 93% 27.1M 1m53s
44531712K ........ ........ ........ ........ 93% 24.5M 1m52s
44564480K ........ ........ ........ ........ 93% 31.3M 1m51s
44597248K ........ ........ ........ ........ 93% 27.1M 1m49s
44630016K ........ ........ ........ ........ 93% 27.6M 1m48s
44662784K ........ ........ ........ ........ 93% 27.1M 1m47s
44695552K ........ ........ ........ ........ 93% 27.4M 1m46s
44728320K ........ ........ ........ ........ 94% 27.5M 1m45s
44761088K ........ ........ ........ ........ 94% 27.1M 1m43s
44793856K ........ ........ ........ ........ 94% 24.2M 1m42s
44826624K ........ ........ ........ ........ 94% 29.3M 1m41s
44859392K ........ ........ ........ ........ 94% 29.3M 1m40s
44892160K ........ ........ ........ ........ 94% 27.5M 98s
44924928K ........ ........ ........ ........ 94% 27.1M 97s
44957696K ........ ........ ........ ........ 94% 18.7M 96s
44990464K ........ ........ ........ ........ 94% 27.3M 95s
45023232K ........ ........ ........ ........ 94% 27.4M 94s
45056000K ........ ........ ........ ........ 94% 27.3M 92s
45088768K ........ ........ ........ ........ 94% 27.4M 91s
45121536K ........ ........ ........ ........ 94% 27.3M 90s
45154304K ........ ........ ........ ........ 94% 27.3M 89s
45187072K ........ ........ ........ ........ 95% 27.4M 88s
45219840K ........ ........ ........ ........ 95% 27.3M 86s
45252608K ........ ........ ........ ........ 95% 27.3M 85s
45285376K ........ ........ ........ ........ 95% 27.3M 84s
45318144K ........ ........ ........ ........ 95% 27.3M 83s
45350912K ........ ........ ........ ........ 95% 27.4M 82s
45383680K ........ ........ ........ ........ 95% 27.3M 80s
45416448K ........ ........ ........ ........ 95% 27.3M 79s
45449216K ........ ........ ........ ........ 95% 27.4M 78s
45481984K ........ ........ ........ ........ 95% 18.6M 77s
45514752K ........ ........ ........ ........ 95% 27.4M 75s
45547520K ........ ........ ........ ........ 95% 27.3M 74s
45580288K ........ ........ ........ ........ 95% 27.3M 73s
45613056K ........ ........ ........ ........ 95% 27.4M 72s
45645824K ........ ........ ........ ........ 95% 25.2M 71s
45678592K ........ ........ ........ ........ 96% 29.8M 69s
45711360K ........ ........ ........ ........ 96% 27.2M 68s
45744128K ........ ........ ........ ........ 96% 27.5M 67s
45776896K ........ ........ ........ ........ 96% 27.2M 66s
45809664K ........ ........ ........ ........ 96% 27.4M 65s
45842432K ........ ........ ........ ........ 96% 27.3M 63s
45875200K ........ ........ ........ ........ 96% 18.6M 62s
45907968K ........ ........ ........ ........ 96% 27.3M 61s
45940736K ........ ........ ........ ........ 96% 27.3M 60s
45973504K ........ ........ ........ ........ 96% 25.0M 58s
46006272K ........ ........ ........ ........ 96% 30.1M 57s
46039040K ........ ........ ........ ........ 96% 27.3M 56s
46071808K ........ ........ ........ ........ 96% 27.4M 55s
46104576K ........ ........ ........ ........ 96% 27.3M 54s
46137344K ........ ........ ........ ........ 97% 27.3M 52s
46170112K ........ ........ ........ ........ 97% 18.7M 51s
46202880K ........ ........ ........ ........ 97% 27.3M 50s
46235648K ........ ........ ........ ........ 97% 27.3M 49s
46268416K ........ ........ ........ ........ 97% 23.5M 48s
46301184K ........ ........ ........ ........ 97% 27.4M 46s
46333952K ........ ........ ........ ........ 97% 27.3M 45s
46366720K ........ ........ ........ ........ 97% 27.4M 44s
46399488K ........ ........ ........ ........ 97% 27.2M 43s
46432256K ........ ........ ........ ........ 97% 27.3M 41s
46465024K ........ ........ ........ ........ 97% 27.4M 40s
46497792K ........ ........ ........ ........ 97% 27.4M 39s
46530560K ........ ........ ........ ........ 97% 27.4M 38s
46563328K ........ ........ ........ ........ 97% 18.6M 37s
46596096K ........ ........ ........ ........ 97% 27.4M 35s
46628864K ........ ........ ........ ........ 98% 27.3M 34s
46661632K ........ ........ ........ ........ 98% 27.3M 33s
46694400K ........ ........ ........ ........ 98% 27.3M 32s
46727168K ........ ........ ........ ........ 98% 27.4M 31s
46759936K ........ ........ ........ ........ 98% 27.4M 29s
46792704K ........ ........ ........ ........ 98% 27.3M 28s
46825472K ........ ........ ........ ........ 98% 27.5M 27s
46858240K ........ ........ ........ ........ 98% 27.3M 26s
46891008K ........ ........ ........ ........ 98% 27.3M 25s
46923776K ........ ........ ........ ........ 98% 27.4M 23s
46956544K ........ ........ ........ ........ 98% 27.3M 22s
46989312K ........ ........ ........ ........ 98% 27.5M 21s
47022080K ........ ........ ........ ........ 98% 27.3M 20s
47054848K ........ ........ ........ ........ 98% 18.7M 18s
47087616K ........ ........ ........ ........ 99% 27.3M 17s
47120384K ........ ........ ........ ........ 99% 24.1M 16s
47153152K ........ ........ ........ ........ 99% 31.7M 15s
47185920K ........ ........ ........ ........ 99% 27.3M 14s
47218688K ........ ........ ........ ........ 99% 27.4M 12s
47251456K ........ ........ ........ ........ 99% 27.2M 11s
47284224K ........ ........ ........ ........ 99% 27.4M 10s
47316992K ........ ........ ........ ........ 99% 27.3M 9s
47349760K ........ ........ ........ ........ 99% 27.4M 8s
47382528K ........ ........ ........ ........ 99% 27.4M 6s
47415296K ........ ........ ........ ........ 99% 18.6M 5s
47448064K ........ ........ ........ ........ 99% 27.4M 4s
47480832K ........ ........ ........ ........ 99% 27.3M 3s
47513600K ........ ........ ........ ........ 99% 27.3M 1s
47546368K ........ ........ ........ ........ 99% 27.4M 0s
47579136K ......                             100% 27.5M=29m22s

2026-05-25 05:25:27 (26.4 MB/s) - ‘Qwen_Qwen3-Next-80B-A3B-Instruct-Q4_K_M.gguf’ 저장함 [48727677408/48727677408]

